Component: ARM Compiler 5.06 update 6 (build 750) Tool: armlink [4d35ed]

==============================================================================

Section Cross References

    main.o(i.APP_RFID_DataProcessing) refers to printf1.o(i.__0printf$1) for __2printf
    main.o(i.APP_RFID_DataProcessing) refers to cb_dw_rx.o(.data) for SENTDATA
    main.o(i.APP_RFID_DataProcessing) refers to main.o(.data) for DW_Static
    main.o(i.CB_Uart4_RX) refers to main.o(.bss) for USART_INTERRUPT
    main.o(i.CB_Usart_RX) refers to main.o(.bss) for USART_INTERRUPT
    main.o(i.main) refers to bsp_mpu_cache.o(i.BSP_MPU_Config) for BSP_MPU_Config
    main.o(i.main) refers to bsp_mpu_cache.o(i.CPU_CACHE_Enable) for CPU_CACHE_Enable
    main.o(i.main) refers to bsp_system_clock.o(i.BSP_SystemClock_Config) for BSP_SystemClock_Config
    main.o(i.main) refers to bsp_gpio.o(i.BSP_GPIO_Init) for BSP_GPIO_Init
    main.o(i.main) refers to bsp_delay.o(i.BSP_Delay_Init) for BSP_Delay_Init
    main.o(i.main) refers to bsp_spi.o(i.BSP_SPI1_Init) for BSP_SPI1_Init
    main.o(i.main) refers to bsp_usart.o(i.BSP_Usart3_Init) for BSP_Usart3_Init
    main.o(i.main) refers to bsp_usart.o(i.BSP_Uart4_Init) for BSP_Uart4_Init
    main.o(i.main) refers to bsp_time.o(i.BSP_Time7_Init) for BSP_Time7_Init
    main.o(i.main) refers to bsp_rng.o(i.BSP_RNG_Init) for BSP_RNG_Init
    main.o(i.main) refers to bsp_i2c.o(i.BSP_I2C_Init) for BSP_I2C_Init
    main.o(i.main) refers to bsp_usart.o(i.BSP_SetUsartRXHOOK) for BSP_SetUsartRXHOOK
    main.o(i.main) refers to bsp_usart.o(i.BSP_SetUart4RXHOOK) for BSP_SetUart4RXHOOK
    main.o(i.main) refers to app_dwm1000.o(i.APP_DWTXRXInit) for APP_DWTXRXInit
    main.o(i.main) refers to bsp_delay.o(i.BSP_Delay_ms) for BSP_Delay_ms
    main.o(i.main) refers to tasks.o(i.xTaskCreate) for xTaskCreate
    main.o(i.main) refers to tasks.o(i.vTaskStartScheduler) for vTaskStartScheduler
    main.o(i.main) refers to main.o(i.CB_Usart_RX) for CB_Usart_RX
    main.o(i.main) refers to main.o(i.CB_Uart4_RX) for CB_Uart4_RX
    main.o(i.main) refers to main.o(.data) for StartTask_Handler
    main.o(i.main) refers to main.o(i.start_task) for start_task
    main.o(i.ranging_task) refers to deca_device.o(i.dwt_enableframefilter) for dwt_enableframefilter
    main.o(i.ranging_task) refers to deca_device.o(i.dwt_setpanid) for dwt_setpanid
    main.o(i.ranging_task) refers to tasks.o(i.vTaskDelay) for vTaskDelay
    main.o(i.start_task) refers to port.o(i.vPortEnterCritical) for vPortEnterCritical
    main.o(i.start_task) refers to tasks.o(i.xTaskCreate) for xTaskCreate
    main.o(i.start_task) refers to tasks.o(i.vTaskDelete) for vTaskDelete
    main.o(i.start_task) refers to port.o(i.vPortExitCritical) for vPortExitCritical
    main.o(i.start_task) refers to main.o(.data) for RANGINGTask_Handler
    main.o(i.start_task) refers to main.o(i.ranging_task) for ranging_task
    main.o(i.start_task) refers to main.o(i.usart3_task) for usart3_task
    main.o(i.start_task) refers to main.o(i.uart4_task) for uart4_task
    main.o(i.uart4_task) refers to tasks.o(i.vTaskDelay) for vTaskDelay
    main.o(i.uart4_task) refers to main.o(.data) for for_num
    main.o(i.usart3_task) refers to printf1.o(i.__0printf$1) for __2printf
    main.o(i.usart3_task) refers to main.o(i.LL_GPIO_SetOutputPin) for LL_GPIO_SetOutputPin
    main.o(i.usart3_task) refers to cpu_utils.o(i.osGetCPUUsage) for osGetCPUUsage
    main.o(i.usart3_task) refers to tasks.o(i.vTaskDelay) for vTaskDelay
    main.o(i.usart3_task) refers to main.o(.data) for DW_Static
    main.o(i.usart3_task) refers to cb_dw_rx.o(.data) for SENTDATA
    cpu_utils.o(i.EndIdleMonitor) refers to tasks.o(i.xTaskGetCurrentTaskHandle) for xTaskGetCurrentTaskHandle
    cpu_utils.o(i.EndIdleMonitor) refers to tasks.o(i.xTaskGetTickCountFromISR) for xTaskGetTickCountFromISR
    cpu_utils.o(i.EndIdleMonitor) refers to cpu_utils.o(.data) for xIdleHandle
    cpu_utils.o(i.StartIdleMonitor) refers to tasks.o(i.xTaskGetCurrentTaskHandle) for xTaskGetCurrentTaskHandle
    cpu_utils.o(i.StartIdleMonitor) refers to tasks.o(i.xTaskGetTickCountFromISR) for xTaskGetTickCountFromISR
    cpu_utils.o(i.StartIdleMonitor) refers to cpu_utils.o(.data) for xIdleHandle
    cpu_utils.o(i.osGetCPUUsage) refers to cpu_utils.o(.data) for osCPU_Usage
    cpu_utils.o(i.vApplicationIdleHook) refers to tasks.o(i.xTaskGetCurrentTaskHandle) for xTaskGetCurrentTaskHandle
    cpu_utils.o(i.vApplicationIdleHook) refers to cpu_utils.o(.data) for xIdleHandle
    cpu_utils.o(i.vApplicationTickHook) refers to cpu_utils.o(.data) for tick
    system_stm32h7xx.o(i.SystemCoreClockUpdate) refers to system_stm32h7xx.o(.data) for SystemCoreClock
    system_stm32h7xx.o(i.SystemCoreClockUpdate) refers to system_stm32h7xx.o(.constdata) for D1CorePrescTable
    stm32h7xx_ll_dma.o(i.LL_DMA_DeInit) refers to stm32h7xx_ll_dma.o(i.LL_AHB1_GRP1_ForceReset) for LL_AHB1_GRP1_ForceReset
[...]
    prvInsertTimerInActiveList               0x08101b59   Thumb Code    80  timers.o(i.prvInsertTimerInActiveList)
    i.prvProcessExpiredTimer                 0x08101bb0   Section        0  timers.o(i.prvProcessExpiredTimer)
    prvProcessExpiredTimer                   0x08101bb1   Thumb Code   110  timers.o(i.prvProcessExpiredTimer)
    i.prvSwitchTimerLists                    0x08101c24   Section        0  timers.o(i.prvSwitchTimerLists)
    prvSwitchTimerLists                      0x08101c25   Thumb Code   154  timers.o(i.prvSwitchTimerLists)
    i.prvTaskExitError                       0x08101cc8   Section        0  port.o(i.prvTaskExitError)
    prvTaskExitError                         0x08101cc9   Thumb Code    60  port.o(i.prvTaskExitError)
    i.prvTimerTask                           0x08101d08   Section        0  timers.o(i.prvTimerTask)
    prvTimerTask                             0x08101d09   Thumb Code    26  timers.o(i.prvTimerTask)
    i.prvUnlockQueue                         0x08101d22   Section        0  queue.o(i.prvUnlockQueue)
    prvUnlockQueue                           0x08101d23   Thumb Code   126  queue.o(i.prvUnlockQueue)
    i.pxPortInitialiseStack                  0x08101da0   Section        0  port.o(i.pxPortInitialiseStack)
    i.ranging_task                           0x08101dcc   Section        0  main.o(i.ranging_task)
    i.reset_DW1000                           0x08101dec   Section        0  bsp_spi_dwm1000.o(i.reset_DW1000)
    i.usart3_task                            0x08101e60   Section        0  main.o(i.usart3_task)
    i.vApplicationIdleHook                   0x08101f08   Section        0  cpu_utils.o(i.vApplicationIdleHook)
    i.vListInitialise                        0x08101f20   Section        0  list.o(i.vListInitialise)
    i.vListInitialiseItem                    0x08101f3a   Section        0  list.o(i.vListInitialiseItem)
    i.vListInsert                            0x08101f40   Section        0  list.o(i.vListInsert)
    i.vPortValidateInterruptPriority         0x08101f74   Section        0  port.o(i.vPortValidateInterruptPriority)
    i.vQueueWaitForMessageRestricted         0x08101fec   Section        0  queue.o(i.vQueueWaitForMessageRestricted)
    i.vTaskInternalSetTimeOutState           0x08102038   Section        0  tasks.o(i.vTaskInternalSetTimeOutState)
    i.vTaskMissedYield                       0x08102050   Section        0  tasks.o(i.vTaskMissedYield)
    i.vTaskPlaceOnEventList                  0x0810205c   Section        0  tasks.o(i.vTaskPlaceOnEventList)
    i.vTaskPlaceOnEventListRestricted        0x08102094   Section        0  tasks.o(i.vTaskPlaceOnEventListRestricted)
    i.vTaskStartScheduler                    0x081020d4   Section        0  tasks.o(i.vTaskStartScheduler)
    i.vTaskSuspendAll                        0x0810216c   Section        0  tasks.o(i.vTaskSuspendAll)
    i.vTaskSwitchContext                     0x0810217c   Section        0  tasks.o(i.vTaskSwitchContext)
    i.xQueueGenericCreate                    0x08102210   Section        0  queue.o(i.xQueueGenericCreate)
    i.xQueueGenericSend                      0x0810226c   Section        0  queue.o(i.xQueueGenericSend)
    i.xQueueGenericSendFromISR               0x08102414   Section        0  queue.o(i.xQueueGenericSendFromISR)
    i.xQueueReceive                          0x0810250c   Section        0  queue.o(i.xQueueReceive)
    i.xTaskCheckForTimeOut                   0x08102674   Section        0  tasks.o(i.xTaskCheckForTimeOut)
    i.xTaskCreate                            0x08102700   Section        0  tasks.o(i.xTaskCreate)
    i.xTaskGetSchedulerState                 0x08102760   Section        0  tasks.o(i.xTaskGetSchedulerState)
    i.xTaskGetTickCount                      0x08102780   Section        0  tasks.o(i.xTaskGetTickCount)
    i.xTaskGetTickCountFromISR               0x0810278c   Section        0  tasks.o(i.xTaskGetTickCountFromISR)
    i.xTaskIncrementTick                     0x081027a0   Section        0  tasks.o(i.xTaskIncrementTick)
    i.xTaskPriorityDisinherit                0x081028f4   Section        0  tasks.o(i.xTaskPriorityDisinherit)
    .constdata                               0x081029bc   Section        8  stm32h7xx_ll_dma.o(.constdata)
    LL_DMA_STR_OFFSET_TAB                    0x081029bc   Data           8  stm32h7xx_ll_dma.o(.constdata)
    .constdata                               0x081029c4   Section       48  stm32h7xx_ll_usart.o(.constdata)
    USART_PRESCALER_TAB                      0x081029c4   Data          48  stm32h7xx_ll_usart.o(.constdata)
    .data                                    0x24000000   Section      170  main.o(.data)
    config4                                  0x24000000   Data          12  main.o(.data)
    config1                                  0x2400000c   Data          12  main.o(.data)
    config2                                  0x24000018   Data          12  main.o(.data)
    config3                                  0x24000024   Data          12  main.o(.data)
    tx_poll_msg                              0x24000030   Data          12  main.o(.data)
    rx_resp_msg                              0x2400003c   Data          26  main.o(.data)
    rx_poll_msg                              0x24000056   Data          12  main.o(.data)
    tx_resp_msg                              0x24000062   Data          26  main.o(.data)
    tof                                      0x2400007c   Data           4  main.o(.data)
    distance                                 0x24000080   Data           4  main.o(.data)
    usart_return_buffer                      0x24000084   Data          14  main.o(.data)
    for_num                                  0x240000a8   Data           2  main.o(.data)
    .data                                    0x240000ac   Section      172  cpu_utils.o(.data)
    config4                                  0x240000ac   Data          12  cpu_utils.o(.data)
    config1                                  0x240000b8   Data          12  cpu_utils.o(.data)
    config2                                  0x240000c4   Data          12  cpu_utils.o(.data)
    config3                                  0x240000d0   Data          12  cpu_utils.o(.data)
    tx_poll_msg                              0x240000dc   Data          12  cpu_utils.o(.data)
    rx_resp_msg                              0x240000e8   Data          26  cpu_utils.o(.data)
    rx_poll_msg                              0x24000102   Data          12  cpu_utils.o(.data)
    tx_resp_msg                              0x2400010e   Data          26  cpu_utils.o(.data)
    tof                                      0x24000128   Data           4  cpu_utils.o(.data)
    distance                                 0x2400012c   Data           4  cpu_utils.o(.data)
    usart_return_buffer                      0x24000130   Data          14  cpu_utils.o(.data)
    tick                                     0x24000154   Data           4  cpu_utils.o(.data)
    .data                                    0x24000158   Section        8  system_stm32h7xx.o(.data)
    .data                                    0x24000160   Section       24  heap_4.o(.data)
    xStart                                   0x24000160   Data           8  heap_4.o(.data)
    pxEnd                                    0x24000168   Data           4  heap_4.o(.data)
    xFreeBytesRemaining                      0x2400016c   Data           4  heap_4.o(.data)
    xMinimumEverFreeBytesRemaining           0x24000170   Data           4  heap_4.o(.data)
    xBlockAllocatedBit                       0x24000174   Data           4  heap_4.o(.data)
    .data                                    0x24000178   Section       60  tasks.o(.data)
    pxDelayedTaskList                        0x2400017c   Data           4  tasks.o(.data)
    pxOverflowDelayedTaskList                0x24000180   Data           4  tasks.o(.data)
    uxDeletedTasksWaitingCleanUp             0x24000184   Data           4  tasks.o(.data)
    uxCurrentNumberOfTasks                   0x24000188   Data           4  tasks.o(.data)
    xTickCount                               0x2400018c   Data           4  tasks.o(.data)
    uxTopReadyPriority                       0x24000190   Data           4  tasks.o(.data)
    xSchedulerRunning                        0x24000194   Data           4  tasks.o(.data)
    uxPendedTicks                            0x24000198   Data           4  tasks.o(.data)
    xYieldPending                            0x2400019c   Data           4  tasks.o(.data)
    xNumOfOverflows                          0x240001a0   Data           4  tasks.o(.data)
    uxTaskNumber                             0x240001a4   Data           4  tasks.o(.data)
    xNextTaskUnblockTime                     0x240001a8   Data           4  tasks.o(.data)
    xIdleTaskHandle                          0x240001ac   Data           4  tasks.o(.data)
    uxSchedulerSuspended                     0x240001b0   Data           4  tasks.o(.data)
    .data                                    0x240001b4   Section       20  timers.o(.data)
    pxCurrentTimerList                       0x240001b4   Data           4  timers.o(.data)
    pxOverflowTimerList                      0x240001b8   Data           4  timers.o(.data)
    xTimerQueue                              0x240001bc   Data           4  timers.o(.data)
    xTimerTaskHandle                         0x240001c0   Data           4  timers.o(.data)
    xLastTime                                0x240001c4   Data           4  timers.o(.data)
    .data                                    0x240001c8   Section       12  port.o(.data)
    uxCriticalNesting                        0x240001c8   Data           4  port.o(.data)
    ucMaxSysCallPriority                     0x240001cc   Data           1  port.o(.data)
    ulMaxPRIGROUPValue                       0x240001d0   Data           4  port.o(.data)
    .data                                    0x240001d4   Section        4  deca_device.o(.data)
    pdw1000local                             0x240001d4   Data           4  deca_device.o(.data)
    .data                                    0x240001d8   Section       14  bsp_usart.o(.data)
    count                                    0x240001e4   Data           1  bsp_usart.o(.data)
    count                                    0x240001e5   Data           1  bsp_usart.o(.data)
    .data                                    0x240001e8   Section        4  bsp_exit_interrupt.o(.data)
    dw_rx_callback                           0x240001e8   Data           4  bsp_exit_interrupt.o(.data)
    .data                                    0x240001ec   Section      132  app_dwm1000.o(.data)
    config4                                  0x240001ec   Data          12  app_dwm1000.o(.data)
    config1                                  0x240001f8   Data          12  app_dwm1000.o(.data)
    config2                                  0x24000204   Data          12  app_dwm1000.o(.data)
    config3                                  0x24000210   Data          12  app_dwm1000.o(.data)
    tx_poll_msg                              0x2400021c   Data          12  app_dwm1000.o(.data)
    rx_resp_msg                              0x24000228   Data          26  app_dwm1000.o(.data)
    rx_poll_msg                              0x24000242   Data          12  app_dwm1000.o(.data)
    tx_resp_msg                              0x2400024e   Data          26  app_dwm1000.o(.data)
    tof                                      0x24000268   Data           4  app_dwm1000.o(.data)
    distance                                 0x2400026c   Data           4  app_dwm1000.o(.data)
    .data                                    0x24000270   Section        3  cb_dw_rx.o(.data)
    .data                                    0x24000274   Section        4  mvars.o(.data)
    .data                                    0x24000278   Section        4  mvars.o(.data)
    .bss                                     0x2400027c   Section       32  main.o(.bss)
    temp                                     0x2400027c   Data          10  main.o(.bss)
    .bss                                     0x2400029c   Section    32768  heap_4.o(.bss)
    ucHeap                                   0x2400029c   Data       32768  heap_4.o(.bss)
    .bss                                     0x2400829c   Section       64  queue.o(.bss)
    .bss                                     0x240082dc   Section      740  tasks.o(.bss)
    pxReadyTasksLists                        0x240082dc   Data         640  tasks.o(.bss)
    xDelayedTaskList1                        0x2400855c   Data          20  tasks.o(.bss)
    xDelayedTaskList2                        0x24008570   Data          20  tasks.o(.bss)
    xPendingReadyList                        0x24008584   Data          20  tasks.o(.bss)
    xTasksWaitingTermination                 0x24008598   Data          20  tasks.o(.bss)
    xSuspendedTaskList                       0x240085ac   Data          20  tasks.o(.bss)
    .bss                                     0x240085c0   Section       40  timers.o(.bss)
    xActiveTimerList1                        0x240085c0   Data          20  timers.o(.bss)
    xActiveTimerList2                        0x240085d4   Data          20  timers.o(.bss)
    .bss                                     0x240085e8   Section       56  deca_device.o(.bss)
    dw1000local                              0x240085e8   Data          56  deca_device.o(.bss)
    .bss                                     0x24008620   Section      400  bsp_usart.o(.bss)
    .bss                                     0x240087b0   Section      200  bsp_dma.o(.bss)
    .bss                                     0x24008878   Section       22  app_dwm1000.o(.bss)
    temp                                     0x24008878   Data          10  app_dwm1000.o(.bss)
    HEAP                                     0x24008890   Section      512  startup_stm32h743xx.o(HEAP)
    STACK                                    0x24008a90   Section     1024  startup_stm32h743xx.o(STACK)

    Global Symbols

    Symbol Name                              Value     Ov Type        Size  Object(Section)

    BuildAttributes$$THM_ISAv4$E$P$D$K$B$S$7EM$VFPv5_D16$PE$PLD8$A:L22UL41UL21$X:L11$S22US41US21$IEEE1$IW$USESV6$~STKCKD$USESV7$~SHL$OSPACE$ROPI$EBA8$MICROLIB$REQ8$PRES8$EABIv2 0x00000000   Number         0  anon$$obj.o ABSOLUTE
    __ARM_use_no_argv                        0x00000000   Number         0  main.o ABSOLUTE
    __use_no_errno                           0x00000000   Number         0  useno.o ABSOLUTE
    __use_no_exception_handling              0x00000000   Number         0  useno.o ABSOLUTE
    __use_no_fp                              0x00000000   Number         0  useno.o ABSOLUTE
    __use_no_heap                            0x00000000   Number         0  useno.o ABSOLUTE
    __use_no_heap_region                     0x00000000   Number         0  useno.o ABSOLUTE
    __use_no_semihosting                     0x00000000   Number         0  useno.o ABSOLUTE
    __use_no_semihosting_swi                 0x00000000   Number         0  useno.o ABSOLUTE
    __use_no_signal_handling                 0x00000000   Number         0  useno.o ABSOLUTE
    _printf_a                                0x00000000   Number         0  stubs.o ABSOLUTE
    _printf_c                                0x00000000   Number         0  stubs.o ABSOLUTE
    _printf_charcount                        0x00000000   Number         0  stubs.o ABSOLUTE
    _printf_d                                0x00000000   Number         0  stubs.o ABSOLUTE
    _printf_e                                0x00000000   Number         0  stubs.o ABSOLUTE
    _printf_f                                0x00000000   Number         0  stubs.o ABSOLUTE
    _printf_flags                            0x00000000   Number         0  stubs.o ABSOLUTE
    _printf_fp_dec                           0x00000000   Number         0  stubs.o ABSOLUTE
    _printf_fp_hex                           0x00000000   Number         0  stubs.o ABSOLUTE
    _printf_g                                0x00000000   Number         0  stubs.o ABSOLUTE
    _printf_i                                0x00000000   Number         0  stubs.o ABSOLUTE
    _printf_int_dec                          0x00000000   Number         0  stubs.o ABSOLUTE
    _printf_l                                0x00000000   Number         0  stubs.o ABSOLUTE
    _printf_lc                               0x00000000   Number         0  stubs.o ABSOLUTE
    _printf_ll                               0x00000000   Number         0  stubs.o ABSOLUTE
    _printf_lld                              0x00000000   Number         0  stubs.o ABSOLUTE
    _printf_lli                              0x00000000   Number         0  stubs.o ABSOLUTE
    _printf_llo                              0x00000000   Number         0  stubs.o ABSOLUTE
    _printf_llu                              0x00000000   Number         0  stubs.o ABSOLUTE
    _printf_llx                              0x00000000   Number         0  stubs.o ABSOLUTE
    _printf_longlong_dec                     0x00000000   Number         0  stubs.o ABSOLUTE
    _printf_longlong_hex                     0x00000000   Number         0  stubs.o ABSOLUTE
    _printf_longlong_oct                     0x00000000   Number         0  stubs.o ABSOLUTE
    _printf_ls                               0x00000000   Number         0  stubs.o ABSOLUTE
    _printf_mbtowc                           0x00000000   Number         0  stubs.o ABSOLUTE
    _printf_n                                0x00000000   Number         0  stubs.o ABSOLUTE
    _printf_o                                0x00000000   Number         0  stubs.o ABSOLUTE
    _printf_p                                0x00000000   Number         0  stubs.o ABSOLUTE
    _printf_percent                          0x00000000   Number         0  stubs.o ABSOLUTE
    _printf_pre_padding                      0x00000000   Number         0  stubs.o ABSOLUTE
    _printf_return_value                     0x00000000   Number         0  stubs.o ABSOLUTE
    _printf_s                                0x00000000   Number         0  stubs.o ABSOLUTE
    _printf_sizespec                         0x00000000   Number         0  stubs.o ABSOLUTE
    _printf_str                              0x00000000   Number         0  stubs.o ABSOLUTE
    _printf_truncate_signed                  0x00000000   Number         0  stubs.o ABSOLUTE
    _printf_truncate_unsigned                0x00000000   Number         0  stubs.o ABSOLUTE
    _printf_u                                0x00000000   Number         0  stubs.o ABSOLUTE
    _printf_wc                               0x00000000   Number         0  stubs.o ABSOLUTE
    _printf_wctomb                           0x00000000   Number         0  stubs.o ABSOLUTE
    _printf_widthprec                        0x00000000   Number         0  stubs.o ABSOLUTE
    _printf_x                                0x00000000   Number         0  stubs.o ABSOLUTE
    __cpp_initialize__aeabi_                  - Undefined Weak Reference
    __cxa_finalize                            - Undefined Weak Reference
    _clock_init                               - Undefined Weak Reference
    _microlib_exit                            - Undefined Weak Reference
    __Vectors_Size                           0x00000298   Number         0  startup_stm32h743xx.o ABSOLUTE
    __Vectors                                0x08000000   Data           4  startup_stm32h743xx.o(RESET)
    __Vectors_End                            0x08000298   Data           0  startup_stm32h743xx.o(RESET)
    __main                                   0x08000299   Thumb Code     0  entry.o(.ARM.Collect$$$$00000000)
    _main_stk                                0x08000299   Thumb Code     0  entry2.o(.ARM.Collect$$$$00000001)
    _main_scatterload                        0x0800029d   Thumb Code     0  entry5.o(.ARM.Collect$$$$00000004)
    __main_after_scatterload                 0x080002a1   Thumb Code     0  entry5.o(.ARM.Collect$$$$00000004)
    _main_clock                              0x080002a1   Thumb Code     0  entry7b.o(.ARM.Collect$$$$00000008)
    _main_cpp_init                           0x080002a1   Thumb Code     0  entry8b.o(.ARM.Collect$$$$0000000A)
    _main_init                               0x080002a1   Thumb Code     0  entry9a.o(.ARM.Collect$$$$0000000B)
    __rt_final_cpp                           0x080002a9   Thumb Code     0  entry10a.o(.ARM.Collect$$$$0000000D)
    __rt_final_exit                          0x080002a9   Thumb Code     0  entry11a.o(.ARM.Collect$$$$0000000F)
    SVC_Handler                              0x080002ad   Thumb Code    28  port.o(.emb_text)
    __asm___6_port_c_39a90d8d__prvStartFirstTask 0x080002cd   Thumb Code    36  port.o(.emb_text)
    __asm___6_port_c_39a90d8d__prvEnableVFP  0x080002f5   Thumb Code    16  port.o(.emb_text)
    PendSV_Handler                           0x08000309   Thumb Code    88  port.o(.emb_text)
    vPortGetIPSR                             0x08000365   Thumb Code     6  port.o(.emb_text)
    __aeabi_memset                           0x0800036b   Thumb Code    14  memseta.o(.text)
    __aeabi_memset4                          0x0800036b   Thumb Code     0  memseta.o(.text)
    __aeabi_memset8                          0x0800036b   Thumb Code     0  memseta.o(.text)
    __aeabi_memclr                           0x08000379   Thumb Code     4  memseta.o(.text)
    __aeabi_memclr4                          0x08000379   Thumb Code     0  memseta.o(.text)
    __aeabi_memclr8                          0x08000379   Thumb Code     0  memseta.o(.text)
    memset                                   0x0800037d   Thumb Code    18  memseta.o(.text)
    __scatterload                            0x08000391   Thumb Code    28  init.o(.text)
    __scatterload_rt2                        0x08000391   Thumb Code     0  init.o(.text)
    APP_DWEnableTXAmplifier                  0x080003b5   Thumb Code    44  app_dwm1000.o(i.APP_DWEnableTXAmplifier)
    APP_DWTXRXInit                           0x080003e1   Thumb Code   220  app_dwm1000.o(i.APP_DWTXRXInit)
    BSP_Delay_ms                             0x080004d5   Thumb Code    18  bsp_delay.o(i.BSP_Delay_ms)
    BSP_Delay_nop                            0x080004e7   Thumb Code    24  bsp_delay.o(i.BSP_Delay_nop)
    BSP_Delay_us                             0x080004ff   Thumb Code    44  bsp_delay.o(i.BSP_Delay_us)
    BSP_I2C_ReadByte                         0x0800052d   Thumb Code    62  bsp_i2c.o(i.BSP_I2C_ReadByte)
    BSP_I2C_Start                            0x08000571   Thumb Code    48  bsp_i2c.o(i.BSP_I2C_Start)
    BSP_I2C_Stop                             0x080005a5   Thumb Code    36  bsp_i2c.o(i.BSP_I2C_Stop)
    BSP_I2C_WaitAck                          0x080005cd   Thumb Code    58  bsp_i2c.o(i.BSP_I2C_WaitAck)
    BSP_IWDG_Init                            0x0800060d   Thumb Code    92  bsp_iwdog.o(i.BSP_IWDG_Init)
    BSP_SPI1_Init                            0x08000685   Thumb Code   360  bsp_spi.o(i.BSP_SPI1_Init)
    BSP_SPI1_SetSpeed                        0x080007fd   Thumb Code    36  bsp_spi.o(i.BSP_SPI1_SetSpeed)
    BSP_SetUsartRXHOOK                       0x08000825   Thumb Code     6  bsp_usart.o(i.BSP_SetUsartRXHOOK)
    BSP_Uart4_GPIO_Init                      0x08000831   Thumb Code    50  bsp_usart.o(i.BSP_Uart4_GPIO_Init)
    BSP_Usart3_Init                          0x08000869   Thumb Code   138  bsp_usart.o(i.BSP_Usart3_Init)
    BusFault_Handler                         0x080008f9   Thumb Code     4  stm32h7xx_it.o(i.BusFault_Handler)
    CB_Usart_RX                              0x080008fd   Thumb Code    14  main.o(i.CB_Usart_RX)
    EXTI9_5_IRQHandler                       0x08000911   Thumb Code    42  bsp_exit_interrupt.o(i.EXTI9_5_IRQHandler)
    LL_RCC_CalcPLLClockFreq                  0x08000a31   Thumb Code    86  stm32h7xx_ll_rcc.o(i.LL_RCC_CalcPLLClockFreq)
    LL_RCC_GetPLL1ClockFreq                  0x08000a8d   Thumb Code   304  stm32h7xx_ll_rcc.o(i.LL_RCC_GetPLL1ClockFreq)
    LL_SPI_Init                              0x08000c1d   Thumb Code   172  stm32h7xx_ll_spi.o(i.LL_SPI_Init)
    LL_TIM_Init                              0x08000cf9   Thumb Code   184  stm32h7xx_ll_tim.o(i.LL_TIM_Init)
    LL_USART_Init                            0x08000de5   Thumb Code   246  stm32h7xx_ll_usart.o(i.LL_USART_Init)
    MemManage_Handler                        0x08000f13   Thumb Code     4  stm32h7xx_it.o(i.MemManage_Handler)
    NMI_Handler                              0x08000f17   Thumb Code     2  stm32h7xx_it.o(i.NMI_Handler)
    RCC_GetHCLKClockFreq                     0x08000f19   Thumb Code    22  stm32h7xx_ll_rcc.o(i.RCC_GetHCLKClockFreq)
    RCC_GetPCLK2ClockFreq                    0x08000f39   Thumb Code    24  stm32h7xx_ll_rcc.o(i.RCC_GetPCLK2ClockFreq)
    RCC_GetSystemClockFreq                   0x08000f59   Thumb Code    70  stm32h7xx_ll_rcc.o(i.RCC_GetSystemClockFreq)
    SPI1_WriteToDW                           0x0800102d   Thumb Code   190  bsp_spi_dwm1000.o(i.SPI1_WriteToDW)
    SystemInit                               0x080010f5   Thumb Code   146  system_stm32h7xx.o(i.SystemInit)
    USART3_IRQHandler                        0x0800119d   Thumb Code   102  bsp_usart.o(i.USART3_IRQHandler)
    __0printf$1                              0x08001215   Thumb Code    22  printf1.o(i.__0printf$1)
    __1printf$1                              0x08001215   Thumb Code     0  printf1.o(i.__0printf$1)
    __2printf                                0x08001215   Thumb Code     0  printf1.o(i.__0printf$1)
    __scatterload_copy                       0x08001261   Thumb Code    14  handlers.o(i.__scatterload_copy)
    __scatterload_null                       0x0800126f   Thumb Code     2  handlers.o(i.__scatterload_null)
    __scatterload_zeroinit                   0x08001271   Thumb Code    14  handlers.o(i.__scatterload_zeroinit)
    _dwt_aonarrayupload                      0x0800127f   Thumb Code    24  deca_device.o(i._dwt_aonarrayupload)
    _dwt_disablesequencing                   0x08001297   Thumb Code    20  deca_device.o(i._dwt_disablesequencing)
    _dwt_otpread                             0x080012ab   Thumb Code    48  deca_device.o(i._dwt_otpread)
    decamutexoff                             0x08001431   Thumb Code    36  deca_device.o(i.decamutexoff)
    decamutexon                              0x08001455   Thumb Code   108  deca_device.o(i.decamutexon)
    dwt_enableframefilter                    0x080014c5   Thumb Code    56  deca_device.o(i.dwt_enableframefilter)
    dwt_initialise                           0x08001505   Thumb Code   508  deca_device.o(i.dwt_initialise)
    dwt_read32bitoffsetreg                   0x08001709   Thumb Code    42  deca_device.o(i.dwt_read32bitoffsetreg)
    dwt_readdevid                            0x08001733   Thumb Code    12  deca_device.o(i.dwt_readdevid)
    dwt_readfromdevice                       0x0800173f   Thumb Code   100  deca_device.o(i.dwt_readfromdevice)
    dwt_setlnapamode                         0x080017a3   Thumb Code    50  deca_device.o(i.dwt_setlnapamode)
    dwt_setpanid                             0x080017d5   Thumb Code    16  deca_device.o(i.dwt_setpanid)
    dwt_setrxantennadelay                    0x080017e5   Thumb Code    18  deca_device.o(i.dwt_setrxantennadelay)
    dwt_write16bitoffsetreg                  0x080017f7   Thumb Code    34  deca_device.o(i.dwt_write16bitoffsetreg)
    dwt_writetodevice                        0x08001819   Thumb Code   104  deca_device.o(i.dwt_writetodevice)
    free                                     0x08001881   Thumb Code    76  malloc.o(i.free)
    main                                     0x080018d1   Thumb Code   124  main.o(i.main)
    malloc                                   0x08001971   Thumb Code    92  malloc.o(i.malloc)
    pvPortMalloc                             0x08001e9d   Thumb Code   296  heap_4.o(i.pvPortMalloc)
    start_task                               0x08001fd9   Thumb Code    88  main.o(i.start_task)
    uart4_task                               0x08002075   Thumb Code    40  main.o(i.uart4_task)
    uxListRemove                             0x080020a1   Thumb Code    40  list.o(i.uxListRemove)
    vApplicationTickHook                     0x080020c9   Thumb Code    74  cpu_utils.o(i.vApplicationTickHook)
    vListInsertEnd                           0x08002121   Thumb Code    24  list.o(i.vListInsertEnd)
    vPortEnterCritical                       0x08002139   Thumb Code    76  port.o(i.vPortEnterCritical)
    vPortExitCritical                        0x0800218d   Thumb Code    56  port.o(i.vPortExitCritical)
    vPortFree                                0x080021c9   Thumb Code   140  heap_4.o(i.vPortFree)
    vPortSetupTimerInterrupt                 0x0800225d   Thumb Code    36  port.o(i.vPortSetupTimerInterrupt)
    vQueueAddToRegistry                      0x08002285   Thumb Code    38  queue.o(i.vQueueAddToRegistry)
    vTaskDelay                               0x080022b1   Thumb Code    82  tasks.o(i.vTaskDelay)
    vTaskDelete                              0x0800230d   Thumb Code   202  tasks.o(i.vTaskDelete)
    xPortStartScheduler                      0x08002401   Thumb Code   330  port.o(i.xPortStartScheduler)
    xQueueGenericReset                       0x08002569   Thumb Code   146  queue.o(i.xQueueGenericReset)
    xTaskGetCurrentTaskHandle                0x08002601   Thumb Code     6  tasks.o(i.xTaskGetCurrentTaskHandle)
    xTaskRemoveFromEventList                 0x0800260d   Thumb Code   128  tasks.o(i.xTaskRemoveFromEventList)
    xTaskResumeAll                           0x080026a5   Thumb Code   224  tasks.o(i.xTaskResumeAll)
    xTimerCreateTimerTask                    0x080027a9   Thumb Code    66  timers.o(i.xTimerCreateTimerTask)
    xTimerGenericCommand                     0x08002801   Thumb Code   126  timers.o(i.xTimerGenericCommand)
    LL_RCC_PrescTable                        0x08002884   Data          16  stm32h7xx_ll_rcc.o(.constdata)
    chan_idx                                 0x080028cc   Data           8  deca_params_init.o(.constdata)
    tx_config                                0x080028d4   Data          24  deca_params_init.o(.constdata)
    fs_pll_cfg                               0x080028ec   Data          24  deca_params_init.o(.constdata)
    fs_pll_tune                              0x08002904   Data           6  deca_params_init.o(.constdata)
    rx_config                                0x0800290a   Data           2  deca_params_init.o(.constdata)
    agc_config                               0x0800290c   Data           8  deca_params_init.o(.constdata)
    dwnsSFDlen                               0x08002914   Data           3  deca_params_init.o(.constdata)
    sftsh                                    0x08002918   Data          12  deca_params_init.o(.constdata)
    dtune1                                   0x08002924   Data           4  deca_params_init.o(.constdata)
    digital_bb_config                        0x08002928   Data          32  deca_params_init.o(.constdata)
    lde_replicaCoeff                         0x08002948   Data          50  deca_params_init.o(.constdata)
    Region$$Table$$Base                      0x080029b4   Number         0  anon$$obj.o(Region$$Table)
    Region$$Table$$Limit                     0x080029d4   Number         0  anon$$obj.o(Region$$Table)
    Reset_Handler                            0x08100001   Thumb Code     8  startup_stm32h743xx.o(.text)
    ADC3_IRQHandler                          0x0810001b   Thumb Code     0  startup_stm32h743xx.o(.text)
    ADC_IRQHandler                           0x0810001b   Thumb Code     0  startup_stm32h743xx.o(.text)
    BDMA_Channel0_IRQHandler                 0x0810001b   Thumb Code     0  startup_stm32h743xx.o(.text)
    BDMA_Channel1_IRQHandler                 0x0810001b   Thumb Code     0  startup_stm32h743xx.o(.text)
    BDMA_Channel2_IRQHandler                 0x0810001b   Thumb Code     0  startup_stm32h743xx.o(.text)
    BDMA_Channel3_IRQHandler                 0x0810001b   Thumb Code     0  startup_stm32h743xx.o(.text)
    BDMA_Channel4_IRQHandler                 0x0810001b   Thumb Code     0  startup_stm32h743xx.o(.text)
    BDMA_Channel5_IRQHandler                 0x0810001b   Thumb Code     0  startup_stm32h743xx.o(.text)
    BDMA_Channel6_IRQHandler                 0x0810001b   Thumb Code     0  startup_stm32h743xx.o(.text)
    BDMA_Channel7_IRQHandler                 0x0810001b   Thumb Code     0  startup_stm32h743xx.o(.text)
    CEC_IRQHandler                           0x0810001b   Thumb Code     0  startup_stm32h743xx.o(.text)
    COMP1_IRQHandler                         0x0810001b   Thumb Code     0  startup_stm32h743xx.o(.text)
    CRS_IRQHandler                           0x0810001b   Thumb Code     0  startup_stm32h743xx.o(.text)
    DCMI_IRQHandler                          0x0810001b   Thumb Code     0  startup_stm32h743xx.o(.text)
    DFSDM1_FLT0_IRQHandler                   0x0810001b   Thumb Code     0  startup_stm32h743xx.o(.text)
    DFSDM1_FLT1_IRQHandler                   0x0810001b   Thumb Code     0  startup_stm32h743xx.o(.text)
    DFSDM1_FLT2_IRQHandler                   0x0810001b   Thumb Code     0  startup_stm32h743xx.o(.text)
    DFSDM1_FLT3_IRQHandler                   0x0810001b   Thumb Code     0  startup_stm32h743xx.o(.text)
    DMA1_Stream0_IRQHandler                  0x0810001b   Thumb Code     0  startup_stm32h743xx.o(.text)
    DMA1_Stream1_IRQHandler                  0x0810001b   Thumb Code     0  startup_stm32h743xx.o(.text)
    DMA1_Stream2_IRQHandler                  0x0810001b   Thumb Code     0  startup_stm32h743xx.o(.text)
    DMA1_Stream3_IRQHandler                  0x0810001b   Thumb Code     0  startup_stm32h743xx.o(.text)
    DMA1_Stream4_IRQHandler                  0x0810001b   Thumb Code     0  startup_stm32h743xx.o(.text)
    DMA1_Stream5_IRQHandler                  0x0810001b   Thumb Code     0  startup_stm32h743xx.o(.text)
    DMA1_Stream6_IRQHandler                  0x0810001b   Thumb Code     0  startup_stm32h743xx.o(.text)
    DMA1_Stream7_IRQHandler                  0x0810001b   Thumb Code     0  startup_stm32h743xx.o(.text)
    DMA2D_IRQHandler                         0x0810001b   Thumb Code     0  startup_stm32h743xx.o(.text)
    DMA2_Stream0_IRQHandler                  0x0810001b   Thumb Code     0  startup_stm32h743xx.o(.text)
    DMA2_Stream1_IRQHandler                  0x0810001b   Thumb Code     0  startup_stm32h743xx.o(.text)
    DMA2_Stream2_IRQHandler                  0x0810001b   Thumb Code     0  startup_stm32h743xx.o(.text)
    DMA2_Stream3_IRQHandler                  0x0810001b   Thumb Code     0  startup_stm32h743xx.o(.text)
    DMA2_Stream4_IRQHandler                  0x0810001b   Thumb Code     0  startup_stm32h743xx.o(.text)
    DMA2_Stream5_IRQHandler                  0x0810001b   Thumb Code     0  startup_stm32h743xx.o(.text)
    DMA2_Stream6_IRQHandler                  0x0810001b   Thumb Code     0  startup_stm32h743xx.o(.text)
    DMA2_Stream7_IRQHandler                  0x0810001b   Thumb Code     0  startup_stm32h743xx.o(.text)
    DMAMUX1_OVR_IRQHandler                   0x0810001b   Thumb Code     0  startup_stm32h743xx.o(.text)
    DMAMUX2_OVR_IRQHandler                   0x0810001b   Thumb Code     0  startup_stm32h743xx.o(.text)
    ECC_IRQHandler                           0x0810001b   Thumb Code     0  startup_stm32h743xx.o(.text)
    ETH_IRQHandler                           0x0810001b   Thumb Code     0  startup_stm32h743xx.o(.text)
    ETH_WKUP_IRQHandler                      0x0810001b   Thumb Code     0  startup_stm32h743xx.o(.text)
    EXTI0_IRQHandler                         0x0810001b   Thumb Code     0  startup_stm32h743xx.o(.text)
    EXTI15_10_IRQHandler                     0x0810001b   Thumb Code     0  startup_stm32h743xx.o(.text)
    EXTI1_IRQHandler                         0x0810001b   Thumb Code     0  startup_stm32h743xx.o(.text)
    EXTI2_IRQHandler                         0x0810001b   Thumb Code     0  startup_stm32h743xx.o(.text)
    EXTI3_IRQHandler                         0x0810001b   Thumb Code     0  startup_stm32h743xx.o(.text)
    EXTI4_IRQHandler                         0x0810001b   Thumb Code     0  startup_stm32h743xx.o(.text)
    FDCAN1_IT0_IRQHandler                    0x0810001b   Thumb Code     0  startup_stm32h743xx.o(.text)
    FDCAN1_IT1_IRQHandler                    0x0810001b   Thumb Code     0  startup_stm32h743xx.o(.text)
    FDCAN2_IT0_IRQHandler                    0x0810001b   Thumb Code     0  startup_stm32h743xx.o(.text)
    FDCAN2_IT1_IRQHandler                    0x0810001b   Thumb Code     0  startup_stm32h743xx.o(.text)
    FDCAN_CAL_IRQHandler                     0x0810001b   Thumb Code     0  startup_stm32h743xx.o(.text)
    FLASH_IRQHandler                         0x0810001b   Thumb Code     0  startup_stm32h743xx.o(.text)
    FMC_IRQHandler                           0x0810001b   Thumb Code     0  startup_stm32h743xx.o(.text)
    FPU_IRQHandler                           0x0810001b   Thumb Code     0  startup_stm32h743xx.o(.text)
    HRTIM1_FLT_IRQHandler                    0x0810001b   Thumb Code     0  startup_stm32h743xx.o(.text)
    HRTIM1_Master_IRQHandler                 0x0810001b   Thumb Code     0  startup_stm32h743xx.o(.text)
    HRTIM1_TIMA_IRQHandler                   0x0810001b   Thumb Code     0  startup_stm32h743xx.o(.text)
    HRTIM1_TIMB_IRQHandler                   0x0810001b   Thumb Code     0  startup_stm32h743xx.o(.text)
    HRTIM1_TIMC_IRQHandler                   0x0810001b   Thumb Code     0  startup_stm32h743xx.o(.text)
    HRTIM1_TIMD_IRQHandler                   0x0810001b   Thumb Code     0  startup_stm32h743xx.o(.text)
    HRTIM1_TIME_IRQHandler                   0x0810001b   Thumb Code     0  startup_stm32h743xx.o(.text)
    HSEM1_IRQHandler                         0x0810001b   Thumb Code     0  startup_stm32h743xx.o(.text)
    I2C1_ER_IRQHandler                       0x0810001b   Thumb Code     0  startup_stm32h743xx.o(.text)
    I2C1_EV_IRQHandler                       0x0810001b   Thumb Code     0  startup_stm32h743xx.o(.text)
    I2C2_ER_IRQHandler                       0x0810001b   Thumb Code     0  startup_stm32h743xx.o(.text)
    I2C2_EV_IRQHandler                       0x0810001b   Thumb Code     0  startup_stm32h743xx.o(.text)
    I2C3_ER_IRQHandler                       0x0810001b   Thumb Code     0  startup_stm32h743xx.o(.text)
    I2C3_EV_IRQHandler                       0x0810001b   Thumb Code     0  startup_stm32h743xx.o(.text)
    I2C4_ER_IRQHandler                       0x0810001b   Thumb Code     0  startup_stm32h743xx.o(.text)
    I2C4_EV_IRQHandler                       0x0810001b   Thumb Code     0  startup_stm32h743xx.o(.text)
    JPEG_IRQHandler                          0x0810001b   Thumb Code     0  startup_stm32h743xx.o(.text)
    LPTIM1_IRQHandler                        0x0810001b   Thumb Code     0  startup_stm32h743xx.o(.text)
    LPTIM2_IRQHandler                        0x0810001b   Thumb Code     0  startup_stm32h743xx.o(.text)
    LPTIM3_IRQHandler                        0x0810001b   Thumb Code     0  startup_stm32h743xx.o(.text)
    LPTIM4_IRQHandler                        0x0810001b   Thumb Code     0  startup_stm32h743xx.o(.text)
    LPTIM5_IRQHandler                        0x0810001b   Thumb Code     0  startup_stm32h743xx.o(.text)
    LPUART1_IRQHandler                       0x0810001b   Thumb Code     0  startup_stm32h743xx.o(.text)
    LTDC_ER_IRQHandler                       0x0810001b   Thumb Code     0  startup_stm32h743xx.o(.text)
    LTDC_IRQHandler                          0x0810001b   Thumb Code     0  startup_stm32h743xx.o(.text)
    MDIOS_IRQHandler                         0x0810001b   Thumb Code     0  startup_stm32h743xx.o(.text)
    MDIOS_WKUP_IRQHandler                    0x0810001b   Thumb Code     0  startup_stm32h743xx.o(.text)
    MDMA_IRQHandler                          0x0810001b   Thumb Code     0  startup_stm32h743xx.o(.text)
    OTG_FS_EP1_IN_IRQHandler                 0x0810001b   Thumb Code     0  startup_stm32h743xx.o(.text)
    OTG_FS_EP1_OUT_IRQHandler                0x0810001b   Thumb Code     0  startup_stm32h743xx.o(.text)
    OTG_FS_IRQHandler                        0x0810001b   Thumb Code     0  startup_stm32h743xx.o(.text)
    OTG_FS_WKUP_IRQHandler                   0x0810001b   Thumb Code     0  startup_stm32h743xx.o(.text)
    OTG_HS_EP1_IN_IRQHandler                 0x0810001b   Thumb Code     0  startup_stm32h743xx.o(.text)
    OTG_HS_EP1_OUT_IRQHandler                0x0810001b   Thumb Code     0  startup_stm32h743xx.o(.text)
    OTG_HS_IRQHandler                        0x0810001b   Thumb Code     0  startup_stm32h743xx.o(.text)
    OTG_HS_WKUP_IRQHandler                   0x0810001b   Thumb Code     0  startup_stm32h743xx.o(.text)
    PVD_AVD_IRQHandler                       0x0810001b   Thumb Code     0  startup_stm32h743xx.o(.text)
    QUADSPI_IRQHandler                       0x0810001b   Thumb Code     0  startup_stm32h743xx.o(.text)
    RCC_IRQHandler                           0x0810001b   Thumb Code     0  startup_stm32h743xx.o(.text)
    RNG_IRQHandler                           0x0810001b   Thumb Code     0  startup_stm32h743xx.o(.text)
    RTC_Alarm_IRQHandler                     0x0810001b   Thumb Code     0  startup_stm32h743xx.o(.text)
    RTC_WKUP_IRQHandler                      0x0810001b   Thumb Code     0  startup_stm32h743xx.o(.text)
    SAI1_IRQHandler                          0x0810001b   Thumb Code     0  startup_stm32h743xx.o(.text)
    SAI2_IRQHandler                          0x0810001b   Thumb Code     0  startup_stm32h743xx.o(.text)
    SAI3_IRQHandler                          0x0810001b   Thumb Code     0  startup_stm32h743xx.o(.text)
    SAI4_IRQHandler                          0x0810001b   Thumb Code     0  startup_stm32h743xx.o(.text)
    SDMMC1_IRQHandler                        0x0810001b   Thumb Code     0  startup_stm32h743xx.o(.text)
    SDMMC2_IRQHandler                        0x0810001b   Thumb Code     0  startup_stm32h743xx.o(.text)
    SPDIF_RX_IRQHandler                      0x0810001b   Thumb Code     0  startup_stm32h743xx.o(.text)
    SPI1_IRQHandler                          0x0810001b   Thumb Code     0  startup_stm32h743xx.o(.text)
    SPI2_IRQHandler                          0x0810001b   Thumb Code     0  startup_stm32h743xx.o(.text)
    SPI3_IRQHandler                          0x0810001b   Thumb Code     0  startup_stm32h743xx.o(.text)
    SPI4_IRQHandler                          0x0810001b   Thumb Code     0  startup_stm32h743xx.o(.text)
    SPI5_IRQHandler                          0x0810001b   Thumb Code     0  startup_stm32h743xx.o(.text)
    SPI6_IRQHandler                          0x0810001b   Thumb Code     0  startup_stm32h743xx.o(.text)
    SWPMI1_IRQHandler                        0x0810001b   Thumb Code     0  startup_stm32h743xx.o(.text)
    TAMP_STAMP_IRQHandler                    0x0810001b   Thumb Code     0  startup_stm32h743xx.o(.text)
    TIM15_IRQHandler                         0x0810001b   Thumb Code     0  startup_stm32h743xx.o(.text)
    TIM16_IRQHandler                         0x0810001b   Thumb Code     0  startup_stm32h743xx.o(.text)
    TIM17_IRQHandler                         0x0810001b   Thumb Code     0  startup_stm32h743xx.o(.text)
    TIM1_BRK_IRQHandler                      0x0810001b   Thumb Code     0  startup_stm32h743xx.o(.text)
    TIM1_CC_IRQHandler                       0x0810001b   Thumb Code     0  startup_stm32h743xx.o(.text)
    TIM1_TRG_COM_IRQHandler                  0x0810001b   Thumb Code     0  startup_stm32h743xx.o(.text)
    TIM1_UP_IRQHandler                       0x0810001b   Thumb Code     0  startup_stm32h743xx.o(.text)
    TIM2_IRQHandler                          0x0810001b   Thumb Code     0  startup_stm32h743xx.o(.text)
    TIM3_IRQHandler                          0x0810001b   Thumb Code     0  startup_stm32h743xx.o(.text)
    TIM4_IRQHandler                          0x0810001b   Thumb Code     0  startup_stm32h743xx.o(.text)
    TIM5_IRQHandler                          0x0810001b   Thumb Code     0  startup_stm32h743xx.o(.text)
    TIM6_DAC_IRQHandler                      0x0810001b   Thumb Code     0  startup_stm32h743xx.o(.text)
    TIM8_BRK_TIM12_IRQHandler                0x0810001b   Thumb Code     0  startup_stm32h743xx.o(.text)
    TIM8_CC_IRQHandler                       0x0810001b   Thumb Code     0  startup_stm32h743xx.o(.text)
    TIM8_TRG_COM_TIM14_IRQHandler            0x0810001b   Thumb Code     0  startup_stm32h743xx.o(.text)
    TIM8_UP_TIM13_IRQHandler                 0x0810001b   Thumb Code     0  startup_stm32h743xx.o(.text)
    UART5_IRQHandler                         0x0810001b   Thumb Code     0  startup_stm32h743xx.o(.text)
    UART7_IRQHandler                         0x0810001b   Thumb Code     0  startup_stm32h743xx.o(.text)
    UART8_IRQHandler                         0x0810001b   Thumb Code     0  startup_stm32h743xx.o(.text)
    USART1_IRQHandler                        0x0810001b   Thumb Code     0  startup_stm32h743xx.o(.text)
    USART2_IRQHandler                        0x0810001b   Thumb Code     0  startup_stm32h743xx.o(.text)
    USART6_IRQHandler                        0x0810001b   Thumb Code     0  startup_stm32h743xx.o(.text)
    WAKEUP_PIN_IRQHandler                    0x0810001b   Thumb Code     0  startup_stm32h743xx.o(.text)
    WWDG_IRQHandler                          0x0810001b   Thumb Code     0  startup_stm32h743xx.o(.text)
    __aeabi_memcpy                           0x08100025   Thumb Code    36  memcpya.o(.text)
    __aeabi_memcpy4                          0x08100025   Thumb Code     0  memcpya.o(.text)
    __aeabi_memcpy8                          0x08100025   Thumb Code     0  memcpya.o(.text)
    __aeabi_uidiv                            0x08100049   Thumb Code     0  uidiv.o(.text)
    __aeabi_uidivmod                         0x08100049   Thumb Code    44  uidiv.o(.text)
    __decompress                             0x08100075   Thumb Code     0  __dclz77c.o(.text)
    __decompress2                            0x08100075   Thumb Code    94  __dclz77c.o(.text)
    BSP_Delay_Init                           0x081000d5   Thumb Code    28  bsp_delay.o(i.BSP_Delay_Init)
    BSP_EEPROM_ReadBytes                     0x081000f9   Thumb Code   120  bsp_i2c_eeprom_24xx.o(i.BSP_EEPROM_ReadBytes)
    BSP_EEPROM_ReadHalfWords                 0x08100171   Thumb Code    94  bsp_i2c_eeprom_24xx.o(i.BSP_EEPROM_ReadHalfWords)
    BSP_GPIO_Init                            0x081001d1   Thumb Code    94  bsp_gpio.o(i.BSP_GPIO_Init)
    BSP_I2C_Ack                              0x08100239   Thumb Code    48  bsp_i2c.o(i.BSP_I2C_Ack)
    BSP_I2C_Init                             0x0810026d   Thumb Code    80  bsp_i2c.o(i.BSP_I2C_Init)
    BSP_I2C_NAck                             0x081002c1   Thumb Code    40  bsp_i2c.o(i.BSP_I2C_NAck)
    BSP_I2C_SendByte                         0x081002ed   Thumb Code    82  bsp_i2c.o(i.BSP_I2C_SendByte)
    BSP_MPU_Config                           0x08100345   Thumb Code   138  bsp_mpu_cache.o(i.BSP_MPU_Config)
    BSP_RNG_Init                             0x081003dd   Thumb Code    68  bsp_rng.o(i.BSP_RNG_Init)
    BSP_SetUart4RXHOOK                       0x08100429   Thumb Code     6  bsp_usart.o(i.BSP_SetUart4RXHOOK)
    BSP_SystemClock_Config                   0x08100435   Thumb Code   530  bsp_system_clock.o(i.BSP_SystemClock_Config)
    BSP_Time7_Init                           0x0810065d   Thumb Code   286  bsp_time.o(i.BSP_Time7_Init)
    BSP_Uart4_Init                           0x0810078d   Thumb Code   118  bsp_usart.o(i.BSP_Uart4_Init)
    BSP_Usart3_GPIO_Init                     0x08100809   Thumb Code    50  bsp_usart.o(i.BSP_Usart3_GPIO_Init)
    BSP_Usart_DMA_Init                       0x08100841   Thumb Code   138  bsp_dma.o(i.BSP_Usart_DMA_Init)
    CB_Uart4_RX                              0x081008e1   Thumb Code    14  main.o(i.CB_Uart4_RX)
    CPU_CACHE_Enable                         0x081008f5   Thumb Code    12  bsp_mpu_cache.o(i.CPU_CACHE_Enable)
    DebugMon_Handler                         0x08100901   Thumb Code     2  stm32h7xx_it.o(i.DebugMon_Handler)
    EndIdleMonitor                           0x08100905   Thumb Code    42  cpu_utils.o(i.EndIdleMonitor)
    Error_Handler                            0x08100941   Thumb Code     2  bsp_system_clock.o(i.Error_Handler)
    HardFault_Handler                        0x08100943   Thumb Code     4  stm32h7xx_it.o(i.HardFault_Handler)
    LL_DMA_Init                              0x08100981   Thumb Code   226  stm32h7xx_ll_dma.o(i.LL_DMA_Init)
    LL_GPIO_Init                             0x08100a6d   Thumb Code   262  stm32h7xx_ll_gpio.o(i.LL_GPIO_Init)
    LL_RCC_GetPLL2ClockFreq                  0x08100bb5   Thumb Code   304  stm32h7xx_ll_rcc.o(i.LL_RCC_GetPLL2ClockFreq)
    LL_RCC_GetPLL3ClockFreq                  0x08100cf5   Thumb Code   310  stm32h7xx_ll_rcc.o(i.LL_RCC_GetPLL3ClockFreq)
    LL_RCC_GetUSARTClockFreq                 0x08100e4d   Thumb Code   286  stm32h7xx_ll_rcc.o(i.LL_RCC_GetUSARTClockFreq)
    RCC_GetPCLK1ClockFreq                    0x081010c5   Thumb Code    24  stm32h7xx_ll_rcc.o(i.RCC_GetPCLK1ClockFreq)
    SPI1_ReadFromDM                          0x08101181   Thumb Code   190  bsp_spi_dwm1000.o(i.SPI1_ReadFromDM)
    StartIdleMonitor                         0x08101249   Thumb Code    24  cpu_utils.o(i.StartIdleMonitor)
    SysTick_Handler                          0x08101269   Thumb Code    46  port.o(i.SysTick_Handler)
    TIM7_IRQHandler                          0x0810129d   Thumb Code    40  bsp_time.o(i.TIM7_IRQHandler)
    UART4_IRQHandler                         0x081012cd   Thumb Code   102  bsp_usart.o(i.UART4_IRQHandler)
    UsageFault_Handler                       0x08101345   Thumb Code     4  stm32h7xx_it.o(i.UsageFault_Handler)
    _dwt_configlde                           0x08101371   Thumb Code    50  deca_device.o(i._dwt_configlde)
    _dwt_enableclocks                        0x081013a3   Thumb Code   244  deca_device.o(i._dwt_enableclocks)
    _dwt_loaducodefromrom                    0x08101497   Thumb Code    34  deca_device.o(i._dwt_loaducodefromrom)
    dwt_configure                            0x081014b9   Thumb Code   550  deca_device.o(i.dwt_configure)
    dwt_read16bitoffsetreg                   0x08101711   Thumb Code    38  deca_device.o(i.dwt_read16bitoffsetreg)
    dwt_setleds                              0x08101737   Thumb Code   136  deca_device.o(i.dwt_setleds)
    dwt_settxantennadelay                    0x081017bf   Thumb Code    16  deca_device.o(i.dwt_settxantennadelay)
    dwt_setxtaltrim                          0x081017cf   Thumb Code    24  deca_device.o(i.dwt_setxtaltrim)
    dwt_softreset                            0x081017e9   Thumb Code    66  deca_device.o(i.dwt_softreset)
    dwt_write32bitoffsetreg                  0x08101831   Thumb Code    40  deca_device.o(i.dwt_write32bitoffsetreg)
    dwt_write8bitoffsetreg                   0x08101859   Thumb Code    20  deca_device.o(i.dwt_write8bitoffsetreg)
    fputc                                    0x0810186d   Thumb Code    24  bsp_usart.o(i.fputc)
    osGetCPUUsage                            0x08101889   Thumb Code     8  cpu_utils.o(i.osGetCPUUsage)
    pxPortInitialiseStack                    0x08101da1   Thumb Code    38  port.o(i.pxPortInitialiseStack)
    ranging_task                             0x08101dcd   Thumb Code    30  main.o(i.ranging_task)
    reset_DW1000                             0x08101ded   Thumb Code   106  bsp_spi_dwm1000.o(i.reset_DW1000)
    usart3_task                              0x08101e61   Thumb Code   110  main.o(i.usart3_task)
    vApplicationIdleHook                     0x08101f09   Thumb Code    18  cpu_utils.o(i.vApplicationIdleHook)
    vListInitialise                          0x08101f21   Thumb Code    26  list.o(i.vListInitialise)
    vListInitialiseItem                      0x08101f3b   Thumb Code     6  list.o(i.vListInitialiseItem)
    vListInsert                              0x08101f41   Thumb Code    52  list.o(i.vListInsert)
    vPortValidateInterruptPriority           0x08101f75   Thumb Code   106  port.o(i.vPortValidateInterruptPriority)
    vQueueWaitForMessageRestricted           0x08101fed   Thumb Code    74  queue.o(i.vQueueWaitForMessageRestricted)
    vTaskInternalSetTimeOutState             0x08102039   Thumb Code    14  tasks.o(i.vTaskInternalSetTimeOutState)
    vTaskMissedYield                         0x08102051   Thumb Code     8  tasks.o(i.vTaskMissedYield)
    vTaskPlaceOnEventList                    0x0810205d   Thumb Code    52  tasks.o(i.vTaskPlaceOnEventList)
    vTaskPlaceOnEventListRestricted          0x08102095   Thumb Code    60  tasks.o(i.vTaskPlaceOnEventListRestricted)
    vTaskStartScheduler                      0x081020d5   Thumb Code   122  tasks.o(i.vTaskStartScheduler)
    vTaskSuspendAll                          0x0810216d   Thumb Code    12  tasks.o(i.vTaskSuspendAll)
    vTaskSwitchContext                       0x0810217d   Thumb Code   126  tasks.o(i.vTaskSwitchContext)
    xQueueGenericCreate                      0x08102211   Thumb Code    90  queue.o(i.xQueueGenericCreate)
    xQueueGenericSend                        0x0810226d   Thumb Code   420  queue.o(i.xQueueGenericSend)
    xQueueGenericSendFromISR                 0x08102415   Thumb Code   248  queue.o(i.xQueueGenericSendFromISR)
    xQueueReceive                            0x0810250d   Thumb Code   356  queue.o(i.xQueueReceive)
    xTaskCheckForTimeOut                     0x08102675   Thumb Code   132  tasks.o(i.xTaskCheckForTimeOut)
    xTaskCreate                              0x08102701   Thumb Code    96  tasks.o(i.xTaskCreate)
    xTaskGetSchedulerState                   0x08102761   Thumb Code    24  tasks.o(i.xTaskGetSchedulerState)
    xTaskGetTickCount                        0x08102781   Thumb Code     6  tasks.o(i.xTaskGetTickCount)
    xTaskGetTickCountFromISR                 0x0810278d   Thumb Code    16  tasks.o(i.xTaskGetTickCountFromISR)
    xTaskIncrementTick                       0x081027a1   Thumb Code   296  tasks.o(i.xTaskIncrementTick)
    xTaskPriorityDisinherit                  0x081028f5   Thumb Code   188  tasks.o(i.xTaskPriorityDisinherit)
    StartTask_Handler                        0x24000094   Data           4  main.o(.data)
    RANGINGTask_Handler                      0x24000098   Data           4  main.o(.data)
    USART3Task_Handler                       0x2400009c   Data           4  main.o(.data)
    UART4Task_Handler                        0x240000a0   Data           4  main.o(.data)
    DW_Static                                0x240000a4   Data           3  main.o(.data)
    xIdleHandle                              0x24000140   Data           4  cpu_utils.o(.data)
    osCPU_Usage                              0x24000144   Data           4  cpu_utils.o(.data)
    osCPU_IdleStartTime                      0x24000148   Data           4  cpu_utils.o(.data)
    osCPU_IdleSpentTime                      0x2400014c   Data           4  cpu_utils.o(.data)
    osCPU_TotalIdleTime                      0x24000150   Data           4  cpu_utils.o(.data)
    SystemCoreClock                          0x24000158   Data           4  system_stm32h7xx.o(.data)
    SystemD2Clock                            0x2400015c   Data           4  system_stm32h7xx.o(.data)
    pxCurrentTCB                             0x24000178   Data           4  tasks.o(.data)
    __stdout                                 0x240001d8   Data           4  bsp_usart.o(.data)
    BSP_UsartRXCallBack                      0x240001dc   Data           4  bsp_usart.o(.data)
    BSP_Uart4RXCallBack                      0x240001e0   Data           4  bsp_usart.o(.data)
    SENTDATA                                 0x24000270   Data           3  cb_dw_rx.o(.data)
    __microlib_freelist                      0x24000274   Data           4  mvars.o(.data)
    __microlib_freelist_initialised          0x24000278   Data           4  mvars.o(.data)
    USART_INTERRUPT                          0x24000288   Data          20  main.o(.bss)
    xQueueRegistry                           0x2400829c   Data          64  queue.o(.bss)
    USART_RX_BUF                             0x24008620   Data         200  bsp_usart.o(.bss)
    UART4_RX_BUF                             0x240086e8   Data         200  bsp_usart.o(.bss)
    usart_tx_buff                            0x240087b0   Data         200  bsp_dma.o(.bss)
    config_temp                              0x24008882   Data          12  app_dwm1000.o(.bss)
    __heap_base                              0x24008890   Data           0  startup_stm32h743xx.o(HEAP)
    __heap_limit                             0x24008a90   Data           0  startup_stm32h743xx.o(HEAP)
    __initial_sp                             0x24008e90   Data           0  startup_stm32h743xx.o(STACK)



==============================================================================

Memory Map of the image

  Image Entry point : 0x08000299

  Load Region LR_IROM1 (Base: 0x08000000, Size: 0x00002c50, Max: 0x00100000, ABSOLUTE, COMPRESSED[0x00002a30])

    Execution Region ER_IROM1 (Exec base: 0x08000000, Load base: 0x08000000, Size: 0x000029d4, Max: 0x00100000, ABSOLUTE)

    Exec Addr    Load Addr    Size         Type   Attr      Idx    E Section Name        Object

    0x08000000   0x08000000   0x00000298   Data   RO         1605    RESET               startup_stm32h743xx.o
    0x08000298   0x08000298   0x00000000   Code   RO         4589  * .ARM.Collect$$$$00000000  mc_w.l(entry.o)
    0x08000298   0x08000298   0x00000004   Code   RO         4889    .ARM.Collect$$$$00000001  mc_w.l(entry2.o)
    0x0800029c   0x0800029c   0x00000004   Code   RO         4892    .ARM.Collect$$$$00000004  mc_w.l(entry5.o)
    0x080002a0   0x080002a0   0x00000000   Code   RO         4894    .ARM.Collect$$$$00000008  mc_w.l(entry7b.o)
    0x080002a0   0x080002a0   0x00000000   Code   RO         4896    .ARM.Collect$$$$0000000A  mc_w.l(entry8b.o)
    0x080002a0   0x080002a0   0x00000008   Code   RO         4897    .ARM.Collect$$$$0000000B  mc_w.l(entry9a.o)
    0x080002a8   0x080002a8   0x00000000   Code   RO         4899    .ARM.Collect$$$$0000000D  mc_w.l(entry10a.o)
    0x080002a8   0x080002a8   0x00000000   Code   RO         4901    .ARM.Collect$$$$0000000F  mc_w.l(entry11a.o)
    0x080002a8   0x080002a8   0x00000004   Code   RO         4890    .ARM.Collect$$$$00002712  mc_w.l(entry2.o)
    0x080002ac   0x080002ac   0x000000be   Code   RO         2713    .emb_text           port.o
    0x0800036a   0x0800036a   0x00000024   Code   RO         4596    .text               mc_w.l(memseta.o)
    0x0800038e   0x0800038e   0x00000002   PAD
    0x08000390   0x08000390   0x00000024   Code   RO         4920    .text               mc_w.l(init.o)
    0x080003b4   0x080003b4   0x0000002c   Code   RO         4443    i.APP_DWEnableTXAmplifier  app_dwm1000.o
    0x080003e0   0x080003e0   0x000000f4   Code   RO         4444    i.APP_DWTXRXInit    app_dwm1000.o
    0x080004d4   0x080004d4   0x00000012   Code   RO         3938    i.BSP_Delay_ms      bsp_delay.o
    0x080004e6   0x080004e6   0x00000018   Code   RO         3939    i.BSP_Delay_nop     bsp_delay.o
    0x080004fe   0x080004fe   0x0000002c   Code   RO         3940    i.BSP_Delay_us      bsp_delay.o
    0x0800052a   0x0800052a   0x00000002   PAD
    0x0800052c   0x0800052c   0x00000044   Code   RO         4113    i.BSP_I2C_ReadByte  bsp_i2c.o
    0x08000570   0x08000570   0x00000034   Code   RO         4115    i.BSP_I2C_Start     bsp_i2c.o
    0x080005a4   0x080005a4   0x00000028   Code   RO         4116    i.BSP_I2C_Stop      bsp_i2c.o
    0x080005cc   0x080005cc   0x00000040   Code   RO         4117    i.BSP_I2C_WaitAck   bsp_i2c.o
    0x0800060c   0x0800060c   0x00000078   Code   RO         4326    i.BSP_IWDG_Init     bsp_iwdog.o
    0x08000684   0x08000684   0x00000178   Code   RO         3546    i.BSP_SPI1_Init     bsp_spi.o
    0x080007fc   0x080007fc   0x00000028   Code   RO         3547    i.BSP_SPI1_SetSpeed  bsp_spi.o
    0x08000824   0x08000824   0x0000000c   Code   RO         3715    i.BSP_SetUsartRXHOOK  bsp_usart.o
    0x08000830   0x08000830   0x00000038   Code   RO         3716    i.BSP_Uart4_GPIO_Init  bsp_usart.o
    0x08000868   0x08000868   0x00000090   Code   RO         3719    i.BSP_Usart3_Init   bsp_usart.o
    0x080008f8   0x080008f8   0x00000004   Code   RO          339    i.BusFault_Handler  stm32h7xx_it.o
    0x080008fc   0x080008fc   0x00000014   Code   RO            6    i.CB_Usart_RX       main.o
    0x08000910   0x08000910   0x00000034   Code   RO         4052    i.EXTI9_5_IRQHandler  bsp_exit_interrupt.o
    0x08000944   0x08000944   0x0000000a   Code   RO         4118    i.I2C_Delay         bsp_i2c.o
    0x0800094e   0x0800094e   0x00000002   PAD
    0x08000950   0x08000950   0x0000001c   Code   RO         3906    i.LL_AHB4_GRP1_EnableClock  bsp_gpio.o
    0x0800096c   0x0800096c   0x0000001c   Code   RO         3721    i.LL_APB1_GRP1_EnableClock  bsp_usart.o
    0x08000988   0x08000988   0x00000044   Code   RO          498    i.LL_DMA_SetPeriphRequest  stm32h7xx_ll_dma.o
    0x080009cc   0x080009cc   0x00000006   Code   RO         3609    i.LL_GPIO_ResetOutputPin  bsp_spi_dwm1000.o
    0x080009d2   0x080009d2   0x00000006   Code   RO         4121    i.LL_GPIO_ResetOutputPin  bsp_i2c.o
    0x080009d8   0x080009d8   0x00000004   Code   RO         3548    i.LL_GPIO_SetOutputPin  bsp_spi.o
    0x080009dc   0x080009dc   0x00000004   Code   RO         4122    i.LL_GPIO_SetOutputPin  bsp_i2c.o
    0x080009e0   0x080009e0   0x00000024   Code   RO         4211    i.LL_MPU_ConfigRegion  bsp_mpu_cache.o
    0x08000a04   0x08000a04   0x0000001c   Code   RO         4212    i.LL_MPU_EnableRegion  bsp_mpu_cache.o
    0x08000a20   0x08000a20   0x00000010   Code   RO          784    i.LL_RCC_CSI_IsReady  stm32h7xx_ll_rcc.o
    0x08000a30   0x08000a30   0x0000005c   Code   RO          785    i.LL_RCC_CalcPLLClockFreq  stm32h7xx_ll_rcc.o
    0x08000a8c   0x08000a8c   0x00000140   Code   RO          797    i.LL_RCC_GetPLL1ClockFreq  stm32h7xx_ll_rcc.o
    0x08000bcc   0x08000bcc   0x00000010   Code   RO          811    i.LL_RCC_HSE_IsReady  stm32h7xx_ll_rcc.o
    0x08000bdc   0x08000bdc   0x00000010   Code   RO          814    i.LL_RCC_HSI_IsReady  stm32h7xx_ll_rcc.o
    0x08000bec   0x08000bec   0x00000010   Code   RO          818    i.LL_RCC_PLL2_IsReady  stm32h7xx_ll_rcc.o
    0x08000bfc   0x08000bfc   0x0000000a   Code   RO         3611    i.LL_SPI_ClearFlag_EOT  bsp_spi_dwm1000.o
    0x08000c06   0x08000c06   0x0000000a   Code   RO         3549    i.LL_SPI_Disable    bsp_spi.o
    0x08000c10   0x08000c10   0x0000000a   Code   RO         3613    i.LL_SPI_Disable    bsp_spi_dwm1000.o
    0x08000c1a   0x08000c1a   0x00000002   PAD
    0x08000c1c   0x08000c1c   0x000000b4   Code   RO         1096    i.LL_SPI_Init       stm32h7xx_ll_spi.o
    0x08000cd0   0x08000cd0   0x0000000a   Code   RO         3615    i.LL_SPI_IsActiveFlag_RXP  bsp_spi_dwm1000.o
    0x08000cda   0x08000cda   0x0000000a   Code   RO         1097    i.LL_SPI_IsEnabled  stm32h7xx_ll_spi.o
    0x08000ce4   0x08000ce4   0x00000008   Code   RO         3617    i.LL_SPI_ReceiveData8  bsp_spi_dwm1000.o
    0x08000cec   0x08000cec   0x0000000a   Code   RO         3618    i.LL_SPI_StartMasterTransfer  bsp_spi_dwm1000.o
    0x08000cf6   0x08000cf6   0x00000002   PAD
    0x08000cf8   0x08000cf8   0x000000d8   Code   RO         1195    i.LL_TIM_Init       stm32h7xx_ll_tim.o
    0x08000dd0   0x08000dd0   0x0000000a   Code   RO         3726    i.LL_USART_DisableIT_IDLE  bsp_usart.o
    0x08000dda   0x08000dda   0x0000000a   Code   RO         3728    i.LL_USART_EnableIT_IDLE  bsp_usart.o
    0x08000de4   0x08000de4   0x00000124   Code   RO         1364    i.LL_USART_Init     stm32h7xx_ll_usart.o
    0x08000f08   0x08000f08   0x0000000a   Code   RO         3730    i.LL_USART_IsActiveFlag_IDLE  bsp_usart.o
    0x08000f12   0x08000f12   0x00000004   Code   RO          342    i.MemManage_Handler  stm32h7xx_it.o
    0x08000f16   0x08000f16   0x00000002   Code   RO          343    i.NMI_Handler       stm32h7xx_it.o
    0x08000f18   0x08000f18   0x00000020   Code   RO          820    i.RCC_GetHCLKClockFreq  stm32h7xx_ll_rcc.o
    0x08000f38   0x08000f38   0x00000020   Code   RO          822    i.RCC_GetPCLK2ClockFreq  stm32h7xx_ll_rcc.o
    0x08000f58   0x08000f58   0x00000058   Code   RO          825    i.RCC_GetSystemClockFreq  stm32h7xx_ll_rcc.o
    0x08000fb0   0x08000fb0   0x0000007c   Code   RO         4214    i.SCB_EnableICache  bsp_mpu_cache.o
    0x0800102c   0x0800102c   0x000000c8   Code   RO         3622    i.SPI1_WriteToDW    bsp_spi_dwm1000.o
    0x080010f4   0x080010f4   0x000000a8   Code   RO          458    i.SystemInit        system_stm32h7xx.o
    0x0800119c   0x0800119c   0x00000078   Code   RO         3734    i.USART3_IRQHandler  bsp_usart.o
    0x08001214   0x08001214   0x00000020   Code   RO         4645    i.__0printf$1       mc_w.l(printf1.o)
    0x08001234   0x08001234   0x0000001a   Code   RO         3736    i.__NVIC_EnableIRQ  bsp_usart.o
    0x0800124e   0x0800124e   0x00000002   PAD
    0x08001250   0x08001250   0x00000010   Code   RO         3737    i.__NVIC_GetPriorityGrouping  bsp_usart.o
    0x08001260   0x08001260   0x0000000e   Code   RO         4932    i.__scatterload_copy  mc_w.l(handlers.o)
    0x0800126e   0x0800126e   0x00000002   Code   RO         4933    i.__scatterload_null  mc_w.l(handlers.o)
    0x08001270   0x08001270   0x0000000e   Code   RO         4934    i.__scatterload_zeroinit  mc_w.l(handlers.o)
    0x0800127e   0x0800127e   0x00000018   Code   RO         2793    i._dwt_aonarrayupload  deca_device.o
    0x08001296   0x08001296   0x00000014   Code   RO         2797    i._dwt_disablesequencing  deca_device.o
    0x080012aa   0x080012aa   0x00000030   Code   RO         2801    i._dwt_otpread      deca_device.o
    0x080012da   0x080012da   0x00000002   PAD
    0x080012dc   0x080012dc   0x00000154   Code   RO         4652    i._printf_core      mc_w.l(printf1.o)
    0x08001430   0x08001430   0x00000024   Code   RO         2803    i.decamutexoff      deca_device.o
    0x08001454   0x08001454   0x00000070   Code   RO         2804    i.decamutexon       deca_device.o
    0x080014c4   0x080014c4   0x00000040   Code   RO         2824    i.dwt_enableframefilter  deca_device.o
    0x08001504   0x08001504   0x00000204   Code   RO         2836    i.dwt_initialise    deca_device.o
    0x08001708   0x08001708   0x0000002a   Code   RO         2844    i.dwt_read32bitoffsetreg  deca_device.o
    0x08001732   0x08001732   0x0000000c   Code   RO         2848    i.dwt_readdevid     deca_device.o
    0x0800173e   0x0800173e   0x00000064   Code   RO         2851    i.dwt_readfromdevice  deca_device.o
    0x080017a2   0x080017a2   0x00000032   Code   RO         2876    i.dwt_setlnapamode  deca_device.o
    0x080017d4   0x080017d4   0x00000010   Code   RO         2879    i.dwt_setpanid      deca_device.o
    0x080017e4   0x080017e4   0x00000012   Code   RO         2882    i.dwt_setrxantennadelay  deca_device.o
    0x080017f6   0x080017f6   0x00000022   Code   RO         2893    i.dwt_write16bitoffsetreg  deca_device.o
    0x08001818   0x08001818   0x00000068   Code   RO         2896    i.dwt_writetodevice  deca_device.o
    0x08001880   0x08001880   0x00000050   Code   RO         4861    i.free              mc_w.l(malloc.o)
    0x080018d0   0x080018d0   0x000000a0   Code   RO            8    i.main              main.o
    0x08001970   0x08001970   0x0000006c   Code   RO         4862    i.malloc            mc_w.l(malloc.o)
    0x080019dc   0x080019dc   0x00000098   Code   RO         2201    i.prvAddCurrentTaskToDelayedList  tasks.o
    0x08001a74   0x08001a74   0x00000064   Code   RO         2571    i.prvCheckForValidListAndQueue  timers.o
    0x08001ad8   0x08001ad8   0x00000048   Code   RO         2203    i.prvCheckTasksWaitingTermination  tasks.o
    0x08001b20   0x08001b20   0x0000002a   Code   RO         1824    i.prvCopyDataFromQueue  queue.o
    0x08001b4a   0x08001b4a   0x0000007e   Code   RO         1825    i.prvCopyDataToQueue  queue.o
    0x08001bc8   0x08001bc8   0x00000012   Code   RO         2204    i.prvDeleteTCB      tasks.o
    0x08001bda   0x08001bda   0x00000002   PAD
    0x08001bdc   0x08001bdc   0x0000007c   Code   RO         1610    i.prvHeapInit       heap_4.o
    0x08001c58   0x08001c58   0x0000001a   Code   RO         1829    i.prvIsQueueEmpty   queue.o
    0x08001c72   0x08001c72   0x0000001e   Code   RO         1830    i.prvIsQueueFull    queue.o
    0x08001c90   0x08001c90   0x00000138   Code   RO         2576    i.prvProcessReceivedCommands  timers.o
    0x08001dc8   0x08001dc8   0x00000074   Code   RO         2577    i.prvProcessTimerOrBlockTask  timers.o
    0x08001e3c   0x08001e3c   0x00000034   Code   RO         2209    i.prvResetNextTaskUnblockTime  tasks.o
    0x08001e70   0x08001e70   0x0000002c   Code   RO         2578    i.prvSampleTimeNow  timers.o
    0x08001e9c   0x08001e9c   0x0000013c   Code   RO         1612    i.pvPortMalloc      heap_4.o
    0x08001fd8   0x08001fd8   0x0000009c   Code   RO           10    i.start_task        main.o
    0x08002074   0x08002074   0x0000002c   Code   RO           11    i.uart4_task        main.o
    0x080020a0   0x080020a0   0x00000028   Code   RO         1784    i.uxListRemove      list.o
    0x080020c8   0x080020c8   0x00000058   Code   RO          279    i.vApplicationTickHook  cpu_utils.o
    0x08002120   0x08002120   0x00000018   Code   RO         1788    i.vListInsertEnd    list.o
    0x08002138   0x08002138   0x00000054   Code   RO         2718    i.vPortEnterCritical  port.o
    0x0800218c   0x0800218c   0x0000003c   Code   RO         2719    i.vPortExitCritical  port.o
    0x080021c8   0x080021c8   0x00000094   Code   RO         1613    i.vPortFree         heap_4.o
    0x0800225c   0x0800225c   0x00000028   Code   RO         2720    i.vPortSetupTimerInterrupt  port.o
    0x08002284   0x08002284   0x0000002c   Code   RO         1837    i.vQueueAddToRegistry  queue.o
    0x080022b0   0x080022b0   0x0000005c   Code   RO         2220    i.vTaskDelay        tasks.o
    0x0800230c   0x0800230c   0x000000f4   Code   RO         2222    i.vTaskDelete       tasks.o
    0x08002400   0x08002400   0x00000168   Code   RO         2722    i.xPortStartScheduler  port.o
    0x08002568   0x08002568   0x00000098   Code   RO         1845    i.xQueueGenericReset  queue.o
    0x08002600   0x08002600   0x0000000c   Code   RO         2248    i.xTaskGetCurrentTaskHandle  tasks.o
    0x0800260c   0x0800260c   0x00000098   Code   RO         2257    i.xTaskRemoveFromEventList  tasks.o
    0x080026a4   0x080026a4   0x00000104   Code   RO         2258    i.xTaskResumeAll    tasks.o
    0x080027a8   0x080027a8   0x00000058   Code   RO         2587    i.xTimerCreateTimerTask  timers.o
    0x08002800   0x08002800   0x00000084   Code   RO         2588    i.xTimerGenericCommand  timers.o
    0x08002884   0x08002884   0x00000010   Data   RO          826    .constdata          stm32h7xx_ll_rcc.o
    0x08002894   0x08002894   0x000000e6   Data   RO         3468    .constdata          deca_params_init.o
    0x0800297a   0x0800297a   0x00000002   PAD
    0x0800297c   0x0800297c   0x00000038   Data   RO         4015    .constdata          bsp_dma.o
    0x080029b4   0x080029b4   0x00000020   Data   RO         4930    Region$$Table       anon$$obj.o


    Execution Region RW_IRAM1 (Exec base: 0x20000000, Load base: 0x080029d4, Size: 0x00000000, Max: 0x00020000, ABSOLUTE)

    **** No section assigned to this execution region ****


    Execution Region RW_IRAM2 (Exec base: 0x24000000, Load base: 0x080029d4, Size: 0x00008e90, Max: 0x00080000, ABSOLUTE, COMPRESSED[0x0000005c])

    Exec Addr    Load Addr    Size         Type   Attr      Idx    E Section Name        Object

    0x24000000   COMPRESSED   0x000000aa   Data   RW           15    .data               main.o
    0x240000aa   COMPRESSED   0x00000002   PAD
    0x240000ac   COMPRESSED   0x000000ac   Data   RW          282    .data               cpu_utils.o
    0x24000158   COMPRESSED   0x00000008   Data   RW          460    .data               system_stm32h7xx.o
    0x24000160   COMPRESSED   0x00000018   Data   RW         1618    .data               heap_4.o
    0x24000178   COMPRESSED   0x0000003c   Data   RW         2261    .data               tasks.o
    0x240001b4   COMPRESSED   0x00000014   Data   RW         2594    .data               timers.o
    0x240001c8   COMPRESSED   0x0000000c   Data   RW         2723    .data               port.o
    0x240001d4   COMPRESSED   0x00000004   Data   RW         2901    .data               deca_device.o
    0x240001d8   COMPRESSED   0x0000000e   Data   RW         3743    .data               bsp_usart.o
    0x240001e6   COMPRESSED   0x00000002   PAD
    0x240001e8   COMPRESSED   0x00000004   Data   RW         4054    .data               bsp_exit_interrupt.o
    0x240001ec   COMPRESSED   0x00000084   Data   RW         4447    .data               app_dwm1000.o
    0x24000270   COMPRESSED   0x00000003   Data   RW         4559    .data               cb_dw_rx.o
    0x24000273   COMPRESSED   0x00000001   PAD
    0x24000274   COMPRESSED   0x00000004   Data   RW         4907    .data               mc_w.l(mvars.o)
    0x24000278   COMPRESSED   0x00000004   Data   RW         4908    .data               mc_w.l(mvars.o)
    0x2400027c        -       0x00000020   Zero   RW           13    .bss                main.o
    0x2400029c        -       0x00008000   Zero   RW         1617    .bss                heap_4.o
    0x2400829c        -       0x00000040   Zero   RW         1858    .bss                queue.o
    0x240082dc        -       0x000002e4   Zero   RW         2260    .bss                tasks.o
    0x240085c0        -       0x00000028   Zero   RW         2593    .bss                timers.o
    0x240085e8        -       0x00000038   Zero   RW         2899    .bss                deca_device.o
    0x24008620        -       0x00000190   Zero   RW         3741    .bss                bsp_usart.o
    0x240087b0        -       0x000000c8   Zero   RW         4014    .bss                bsp_dma.o
    0x24008878        -       0x00000016   Zero   RW         4445    .bss                app_dwm1000.o
    0x2400888e   COMPRESSED   0x00000002   PAD
    0x24008890        -       0x00000200   Zero   RW         1604    HEAP                startup_stm32h743xx.o
    0x24008a90        -       0x00000400   Zero   RW         1603    STACK               startup_stm32h743xx.o



  Load Region LR_IROM2 (Base: 0x08100000, Size: 0x000029f4, Max: 0x00100000, ABSOLUTE)

    Execution Region ER_IROM2 (Exec base: 0x08100000, Load base: 0x08100000, Size: 0x000029f4, Max: 0x00100000, ABSOLUTE)

    Exec Addr    Load Addr    Size         Type   Attr      Idx    E Section Name        Object

    0x08100000   0x08100000   0x00000024   Code   RO         1606    .text               startup_stm32h743xx.o
    0x08100024   0x08100024   0x00000024   Code   RO         4592    .text               mc_w.l(memcpya.o)
    0x08100048   0x08100048   0x0000002c   Code   RO         4903    .text               mc_w.l(uidiv.o)
    0x08100074   0x08100074   0x0000005e   Code   RO         4938    .text               mc_w.l(__dclz77c.o)
    0x081000d2   0x081000d2   0x00000002   PAD
    0x081000d4   0x081000d4   0x00000024   Code   RO         3937    i.BSP_Delay_Init    bsp_delay.o
    0x081000f8   0x081000f8   0x00000078   Code   RO         4267    i.BSP_EEPROM_ReadBytes  bsp_i2c_eeprom_24xx.o
    0x08100170   0x08100170   0x0000005e   Code   RO         4268    i.BSP_EEPROM_ReadHalfWords  bsp_i2c_eeprom_24xx.o
    0x081001ce   0x081001ce   0x00000002   PAD
    0x081001d0   0x081001d0   0x00000068   Code   RO         3905    i.BSP_GPIO_Init     bsp_gpio.o
    0x08100238   0x08100238   0x00000034   Code   RO         4109    i.BSP_I2C_Ack       bsp_i2c.o
    0x0810026c   0x0810026c   0x00000054   Code   RO         4111    i.BSP_I2C_Init      bsp_i2c.o
    0x081002c0   0x081002c0   0x0000002c   Code   RO         4112    i.BSP_I2C_NAck      bsp_i2c.o
    0x081002ec   0x081002ec   0x00000058   Code   RO         4114    i.BSP_I2C_SendByte  bsp_i2c.o
    0x08100344   0x08100344   0x00000098   Code   RO         4209    i.BSP_MPU_Config    bsp_mpu_cache.o
    0x081003dc   0x081003dc   0x0000004c   Code   RO         3979    i.BSP_RNG_Init      bsp_rng.o
    0x08100428   0x08100428   0x0000000c   Code   RO         3714    i.BSP_SetUart4RXHOOK  bsp_usart.o
    0x08100434   0x08100434   0x00000228   Code   RO         3506    i.BSP_SystemClock_Config  bsp_system_clock.o
    0x0810065c   0x0810065c   0x00000130   Code   RO         4359    i.BSP_Time7_Init    bsp_time.o
    0x0810078c   0x0810078c   0x0000007c   Code   RO         3717    i.BSP_Uart4_Init    bsp_usart.o
    0x08100808   0x08100808   0x00000038   Code   RO         3718    i.BSP_Usart3_GPIO_Init  bsp_usart.o
    0x08100840   0x08100840   0x000000a0   Code   RO         4013    i.BSP_Usart_DMA_Init  bsp_dma.o
    0x081008e0   0x081008e0   0x00000014   Code   RO            5    i.CB_Uart4_RX       main.o
    0x081008f4   0x081008f4   0x0000000c   Code   RO         4210    i.CPU_CACHE_Enable  bsp_mpu_cache.o
    0x08100900   0x08100900   0x00000002   Code   RO          340    i.DebugMon_Handler  stm32h7xx_it.o
    0x08100902   0x08100902   0x00000002   PAD
    0x08100904   0x08100904   0x0000003c   Code   RO          275    i.EndIdleMonitor    cpu_utils.o
    0x08100940   0x08100940   0x00000002   Code   RO         3507    i.Error_Handler     bsp_system_clock.o
    0x08100942   0x08100942   0x00000004   Code   RO          341    i.HardFault_Handler  stm32h7xx_it.o
    0x08100946   0x08100946   0x00000002   PAD
    0x08100948   0x08100948   0x0000001c   Code   RO         3720    i.LL_AHB4_GRP1_EnableClock  bsp_usart.o
    0x08100964   0x08100964   0x0000001c   Code   RO         4119    i.LL_AHB4_GRP1_EnableClock  bsp_i2c.o
    0x08100980   0x08100980   0x000000ec   Code   RO          497    i.LL_DMA_Init       stm32h7xx_ll_dma.o
    0x08100a6c   0x08100a6c   0x00000106   Code   RO          659    i.LL_GPIO_Init      stm32h7xx_ll_gpio.o
    0x08100b72   0x08100b72   0x00000012   Code   RO         4120    i.LL_GPIO_IsInputPinSet  bsp_i2c.o
    0x08100b84   0x08100b84   0x00000004   Code   RO            7    i.LL_GPIO_SetOutputPin  main.o
    0x08100b88   0x08100b88   0x00000004   Code   RO         3610    i.LL_GPIO_SetOutputPin  bsp_spi_dwm1000.o
    0x08100b8c   0x08100b8c   0x00000028   Code   RO          790    i.LL_RCC_GetClockSource  stm32h7xx_ll_rcc.o
    0x08100bb4   0x08100bb4   0x00000140   Code   RO          798    i.LL_RCC_GetPLL2ClockFreq  stm32h7xx_ll_rcc.o
    0x08100cf4   0x08100cf4   0x00000148   Code   RO          799    i.LL_RCC_GetPLL3ClockFreq  stm32h7xx_ll_rcc.o
    0x08100e3c   0x08100e3c   0x00000010   Code   RO          807    i.LL_RCC_GetSysPrescaler  stm32h7xx_ll_rcc.o
    0x08100e4c   0x08100e4c   0x00000138   Code   RO          809    i.LL_RCC_GetUSARTClockFreq  stm32h7xx_ll_rcc.o
    0x08100f84   0x08100f84   0x00000010   Code   RO          813    i.LL_RCC_HSI_GetDivider  stm32h7xx_ll_rcc.o
    0x08100f94   0x08100f94   0x00000010   Code   RO          815    i.LL_RCC_LSE_IsReady  stm32h7xx_ll_rcc.o
    0x08100fa4   0x08100fa4   0x00000010   Code   RO          819    i.LL_RCC_PLL3_IsReady  stm32h7xx_ll_rcc.o
    0x08100fb4   0x08100fb4   0x0000000a   Code   RO         3612    i.LL_SPI_ClearFlag_TXTF  bsp_spi_dwm1000.o
    0x08100fbe   0x08100fbe   0x0000000a   Code   RO         3550    i.LL_SPI_Enable     bsp_spi.o
    0x08100fc8   0x08100fc8   0x0000000a   Code   RO         3614    i.LL_SPI_Enable     bsp_spi_dwm1000.o
    0x08100fd2   0x08100fd2   0x0000000a   Code   RO         3616    i.LL_SPI_IsActiveFlag_TXP  bsp_spi_dwm1000.o
    0x08100fdc   0x08100fdc   0x0000000a   Code   RO         3619    i.LL_SPI_SuspendMasterTransfer  bsp_spi_dwm1000.o
    0x08100fe6   0x08100fe6   0x00000006   Code   RO         3620    i.LL_SPI_TransmitData8  bsp_spi_dwm1000.o
    0x08100fec   0x08100fec   0x00000012   Code   RO         3725    i.LL_USART_ConfigAsyncMode  bsp_usart.o
    0x08100ffe   0x08100ffe   0x0000000a   Code   RO         3727    i.LL_USART_Enable   bsp_usart.o
    0x08101008   0x08101008   0x0000000a   Code   RO         3729    i.LL_USART_EnableIT_RXNE_RXFNE  bsp_usart.o
    0x08101012   0x08101012   0x0000000a   Code   RO         3731    i.LL_USART_IsActiveFlag_RXNE_RXFNE  bsp_usart.o
    0x0810101c   0x0810101c   0x0000000a   Code   RO         1365    i.LL_USART_IsEnabled  stm32h7xx_ll_usart.o
    0x08101026   0x08101026   0x00000002   PAD
    0x08101028   0x08101028   0x0000005c   Code   RO         1366    i.LL_USART_SetBaudRate  stm32h7xx_ll_usart.o
    0x08101084   0x08101084   0x00000040   Code   RO         3732    i.NVIC_EncodePriority  bsp_usart.o
    0x081010c4   0x081010c4   0x00000020   Code   RO          821    i.RCC_GetPCLK1ClockFreq  stm32h7xx_ll_rcc.o
    0x081010e4   0x081010e4   0x0000009c   Code   RO         4213    i.SCB_EnableDCache  bsp_mpu_cache.o
    0x08101180   0x08101180   0x000000c8   Code   RO         3621    i.SPI1_ReadFromDM   bsp_spi_dwm1000.o
    0x08101248   0x08101248   0x00000020   Code   RO          276    i.StartIdleMonitor  cpu_utils.o
    0x08101268   0x08101268   0x00000034   Code   RO         2714    i.SysTick_Handler   port.o
    0x0810129c   0x0810129c   0x00000030   Code   RO         4360    i.TIM7_IRQHandler   bsp_time.o
    0x081012cc   0x081012cc   0x00000078   Code   RO         3733    i.UART4_IRQHandler  bsp_usart.o
    0x08101344   0x08101344   0x00000004   Code   RO          344    i.UsageFault_Handler  stm32h7xx_it.o
    0x08101348   0x08101348   0x00000028   Code   RO         3738    i.__NVIC_SetPriority  bsp_usart.o
    0x08101370   0x08101370   0x00000032   Code   RO         2796    i._dwt_configlde    deca_device.o
    0x081013a2   0x081013a2   0x000000f4   Code   RO         2798    i._dwt_enableclocks  deca_device.o
    0x08101496   0x08101496   0x00000022   Code   RO         2799    i._dwt_loaducodefromrom  deca_device.o
    0x081014b8   0x081014b8   0x00000258   Code   RO         2814    i.dwt_configure     deca_device.o
    0x08101710   0x08101710   0x00000026   Code   RO         2843    i.dwt_read16bitoffsetreg  deca_device.o
    0x08101736   0x08101736   0x00000088   Code   RO         2875    i.dwt_setleds       deca_device.o
    0x081017be   0x081017be   0x00000010   Code   RO         2887    i.dwt_settxantennadelay  deca_device.o
    0x081017ce   0x081017ce   0x00000018   Code   RO         2888    i.dwt_setxtaltrim   deca_device.o
    0x081017e6   0x081017e6   0x00000002   PAD
    0x081017e8   0x081017e8   0x00000048   Code   RO         2889    i.dwt_softreset     deca_device.o
    0x08101830   0x08101830   0x00000028   Code   RO         2894    i.dwt_write32bitoffsetreg  deca_device.o
    0x08101858   0x08101858   0x00000014   Code   RO         2895    i.dwt_write8bitoffsetreg  deca_device.o
    0x0810186c   0x0810186c   0x0000001c   Code   RO         3740    i.fputc             bsp_usart.o
    0x08101888   0x08101888   0x0000000c   Code   RO          277    i.osGetCPUUsage     cpu_utils.o
    0x08101894   0x08101894   0x000000b8   Code   RO         2202    i.prvAddNewTaskToReadyList  tasks.o
    0x0810194c   0x0810194c   0x00000028   Code   RO         2572    i.prvGetNextExpireTime  timers.o
    0x08101974   0x08101974   0x0000002c   Code   RO         2205    i.prvIdleTask       tasks.o
    0x081019a0   0x081019a0   0x0000002a   Code   RO         1828    i.prvInitialiseNewQueue  queue.o
    0x081019ca   0x081019ca   0x000000be   Code   RO         2206    i.prvInitialiseNewTask  tasks.o
    0x08101a88   0x08101a88   0x00000068   Code   RO         2207    i.prvInitialiseTaskLists  tasks.o
    0x08101af0   0x08101af0   0x00000068   Code   RO         1611    i.prvInsertBlockIntoFreeList  heap_4.o
    0x08101b58   0x08101b58   0x00000058   Code   RO         2574    i.prvInsertTimerInActiveList  timers.o
    0x08101bb0   0x08101bb0   0x00000074   Code   RO         2575    i.prvProcessExpiredTimer  timers.o
    0x08101c24   0x08101c24   0x000000a4   Code   RO         2579    i.prvSwitchTimerLists  timers.o
    0x08101cc8   0x08101cc8   0x00000040   Code   RO         2715    i.prvTaskExitError  port.o
    0x08101d08   0x08101d08   0x0000001a   Code   RO         2580    i.prvTimerTask      timers.o
    0x08101d22   0x08101d22   0x0000007e   Code   RO         1831    i.prvUnlockQueue    queue.o
    0x08101da0   0x08101da0   0x0000002c   Code   RO         2716    i.pxPortInitialiseStack  port.o
    0x08101dcc   0x08101dcc   0x0000001e   Code   RO            9    i.ranging_task      main.o
    0x08101dea   0x08101dea   0x00000002   PAD
    0x08101dec   0x08101dec   0x00000074   Code   RO         3623    i.reset_DW1000      bsp_spi_dwm1000.o
    0x08101e60   0x08101e60   0x000000a8   Code   RO           12    i.usart3_task       main.o
    0x08101f08   0x08101f08   0x00000018   Code   RO          278    i.vApplicationIdleHook  cpu_utils.o
    0x08101f20   0x08101f20   0x0000001a   Code   RO         1785    i.vListInitialise   list.o
    0x08101f3a   0x08101f3a   0x00000006   Code   RO         1786    i.vListInitialiseItem  list.o
    0x08101f40   0x08101f40   0x00000034   Code   RO         1787    i.vListInsert       list.o
    0x08101f74   0x08101f74   0x00000078   Code   RO         2721    i.vPortValidateInterruptPriority  port.o
    0x08101fec   0x08101fec   0x0000004a   Code   RO         1841    i.vQueueWaitForMessageRestricted  queue.o
    0x08102036   0x08102036   0x00000002   PAD
    0x08102038   0x08102038   0x00000018   Code   RO         2225    i.vTaskInternalSetTimeOutState  tasks.o
    0x08102050   0x08102050   0x0000000c   Code   RO         2226    i.vTaskMissedYield  tasks.o
    0x0810205c   0x0810205c   0x00000038   Code   RO         2229    i.vTaskPlaceOnEventList  tasks.o
    0x08102094   0x08102094   0x00000040   Code   RO         2230    i.vTaskPlaceOnEventListRestricted  tasks.o
    0x081020d4   0x081020d4   0x00000098   Code   RO         2240    i.vTaskStartScheduler  tasks.o
    0x0810216c   0x0810216c   0x00000010   Code   RO         2242    i.vTaskSuspendAll   tasks.o
    0x0810217c   0x0810217c   0x00000094   Code   RO         2243    i.vTaskSwitchContext  tasks.o
    0x08102210   0x08102210   0x0000005a   Code   RO         1844    i.xQueueGenericCreate  queue.o
    0x0810226a   0x0810226a   0x00000002   PAD
    0x0810226c   0x0810226c   0x000001a8   Code   RO         1846    i.xQueueGenericSend  queue.o
    0x08102414   0x08102414   0x000000f8   Code   RO         1847    i.xQueueGenericSendFromISR  queue.o
    0x0810250c   0x0810250c   0x00000168   Code   RO         1854    i.xQueueReceive     queue.o
    0x08102674   0x08102674   0x0000008c   Code   RO         2244    i.xTaskCheckForTimeOut  tasks.o
    0x08102700   0x08102700   0x00000060   Code   RO         2245    i.xTaskCreate       tasks.o
    0x08102760   0x08102760   0x00000020   Code   RO         2249    i.xTaskGetSchedulerState  tasks.o
    0x08102780   0x08102780   0x0000000c   Code   RO         2250    i.xTaskGetTickCount  tasks.o
    0x0810278c   0x0810278c   0x00000014   Code   RO         2251    i.xTaskGetTickCountFromISR  tasks.o
    0x081027a0   0x081027a0   0x00000154   Code   RO         2252    i.xTaskIncrementTick  tasks.o
    0x081028f4   0x081028f4   0x000000c8   Code   RO         2255    i.xTaskPriorityDisinherit  tasks.o
    0x081029bc   0x081029bc   0x00000008   Data   RO          500    .constdata          stm32h7xx_ll_dma.o
    0x081029c4   0x081029c4   0x00000030   Data   RO         1368    .constdata          stm32h7xx_ll_usart.o


==============================================================================

Image component sizes


      Code (inc. data)   RO Data    RW Data    ZI Data      Debug   Object Name

       288         24          0        132         22       1729   app_dwm1000.o
       122          8          0          0          0       2815   bsp_delay.o
       160         22         56          0        200      28005   bsp_dma.o
        52         10          0          4          0      44580   bsp_exit_interrupt.o
       132         14          0          0          0       5412   bsp_gpio.o
       558         42          0          0          0      11207   bsp_i2c.o
       214          0          0          0          0       2314   bsp_i2c_eeprom_24xx.o
       120         28          0          0          0       2800   bsp_iwdog.o
       508         42          0          0          0      43487   bsp_mpu_cache.o
        76          8          0          0          0      55535   bsp_rng.o
       440         20          0          0          0      82184   bsp_spi.o
       620         30          0          0          0      44466   bsp_spi_dwm1000.o
       554         22          0          0          0      66549   bsp_system_clock.o
       352         26          0          0          0      44483   bsp_time.o
       952         98          0         14        400      97716   bsp_usart.o
         0          0          0          3          0       1611   cb_dw_rx.o
       216         50          0        172          0       7824   cpu_utils.o
      2470         92          0          4         56      58666   deca_device.o
         0          0        230          0          0       2332   deca_params_init.o
         0          0          0          0          0       8204   event_groups.o
       692         62          0         24      32768      14235   heap_4.o
       148          0          0          0          0       3498   list.o
       602        178          0        170         32    1118620   main.o
      1014         92          0         12          0      11717   port.o
      1784         20          0          0         64      16254   queue.o
        36          8        664          0       1536        872   startup_stm32h743xx.o
        20          0          0          0          0       3077   stm32h7xx_it.o
       304         20          8          0          0      22338   stm32h7xx_ll_dma.o
       262          0          0          0          0       7535   stm32h7xx_ll_gpio.o
      1724        180         16          0          0      57895   stm32h7xx_ll_rcc.o
       190          8          0          0          0      36990   stm32h7xx_ll_spi.o
       216         32          0          0          0      38198   stm32h7xx_ll_tim.o
       394         50         48          0          0      27648   stm32h7xx_ll_usart.o
         0          0          0          0          0       1492   stm32h7xx_ll_utils.o
       168         22          0          8          0       1622   system_stm32h7xx.o
      2888        398          0         60        740      26939   tasks.o
      1226        116          0         20         40      14755   timers.o

    ----------------------------------------------------------------------
     19532       1722       1056        628      35860    2015604   Object Totals
         0          0         32          0          0          0   (incl. Generated)
        30          0          2          5          2          0   (incl. Padding)

    ----------------------------------------------------------------------

      Code (inc. data)   RO Data    RW Data    ZI Data      Debug   Library Member Name

        94          0          0          0          0          0   __dclz77c.o
         0          0          0          0          0          0   entry.o
         0          0          0          0          0          0   entry10a.o
         0          0          0          0          0          0   entry11a.o
         8          4          0          0          0          0   entry2.o
         4          0          0          0          0          0   entry5.o
         0          0          0          0          0          0   entry7b.o
         0          0          0          0          0          0   entry8b.o
         8          4          0          0          0          0   entry9a.o
        30          0          0          0          0          0   handlers.o
        36          8          0          0          0         68   init.o
       188         20          0          0          0        160   malloc.o
        36          0          0          0          0         68   memcpya.o
        36          0          0          0          0        108   memseta.o
         0          0          0          8          0          0   mvars.o
       372         14          0          0          0        184   printf1.o
        44          0          0          0          0         80   uidiv.o

    ----------------------------------------------------------------------
       860         50          0          8          0        668   Library Totals
         4          0          0          0          0          0   (incl. Padding)

    ----------------------------------------------------------------------

      Code (inc. data)   RO Data    RW Data    ZI Data      Debug   Library Name

       856         50          0          8          0        668   mc_w.l

    ----------------------------------------------------------------------
       860         50          0          8          0        668   Library Totals

    ----------------------------------------------------------------------

==============================================================================


      Code (inc. data)   RO Data    RW Data    ZI Data      Debug   

     20392       1772       1056        636      35860    1994896   Grand Totals
     20392       1772       1056         92      35860    1994896   ELF Image Totals (compressed)
     20392       1772       1056         92          0          0   ROM Totals

==============================================================================

    Total RO  Size (Code + RO Data)                21448 (  20.95kB)
    Total RW  Size (RW Data + ZI Data)             36496 (  35.64kB)
    Total ROM Size (Code + RO Data + RW Data)      21540 (  21.04kB)

==============================================================================

