<html>
<body>
<pre>
<h1>礦ision Build Log</h1>
<h2>Tool Versions:</h2>
IDE-Version: μVision V5.29.0.0
Copyright (C) 2019 ARM Ltd and ARM Germany GmbH. All rights reserved.
License Information: fyyxxm j_aron2154@163.com, fyyxxm, LIC=MPPLD-80NFU-TGV7T-R165W-WVZY3-HQ1MR
 
Tool Versions:
Toolchain:       MDK-ARM Plus  Version: 5.29.0.0
Toolchain Path:  D:\Keil_v5\ARM\ARMCC\Bin
C Compiler:      Armcc.exe V5.06 update 6 (build 750)
Assembler:       Armasm.exe V5.06 update 6 (build 750)
Linker/Locator:  ArmLink.exe V5.06 update 6 (build 750)
Library Manager: ArmAr.exe V5.06 update 6 (build 750)
Hex Converter:   FromElf.exe V5.06 update 6 (build 750)
CPU DLL:         SARMCM3.DLL V5.29.0.0
Dialog DLL:      DCM.DLL V1.17.3.0
Target DLL:      Segger\JL2CM3.dll V2.99.36.0
Dialog DLL:      TCM.DLL V1.36.5.0
 
<h2>Project:</h2>
E:\新建文件夹\H7_Radar\STM32H750_Radar\User\My_H7_Proecct.uvprojx
Project File Date:  12/24/2019

<h2>Output:</h2>
*** Using Compiler 'V5.06 update 6 (build 750)', folder: 'D:\Keil_v5\ARM\ARMCC\Bin'
Rebuild target 'Radar_Ranging'
compiling system_stm32h7xx.c...
compiling stm32h7xx_ll_exti.c...
compiling stm32h7xx_ll_gpio.c...
compiling stm32h7xx_ll_i2c.c...
compiling stm32h7xx_ll_dma.c...
compiling main.c...
compiling stm32h7xx_it.c...
compiling stm32h7xx_ll_pwr.c...
assembling startup_stm32h743xx.s...
compiling heap_4.c...
compiling croutine.c...
compiling event_groups.c...
compiling list.c...
compiling queue.c...
compiling stm32h7xx_ll_rng.c...
compiling stream_buffer.c...
compiling timers.c...
compiling tasks.c...
compiling cpu_utils.c...
compiling port.c...
compiling stm32h7xx_ll_tim.c...
assembling bsp_string.s...
compiling stm32h7xx_ll_rcc.c...
compiling stm32h7xx_ll_spi.c...
compiling stm32h7xx_ll_usart.c...
compiling stm32h7xx_ll_utils.c...
compiling bsp_system_clock.c...
compiling bsp_spi.c...
compiling bsp_spi_dwm1000.c...
compiling deca_params_init.c...
compiling bsp_usart.c...
compiling deca_device.c...
compiling bsp_gpio.c...
compiling bsp_delay.c...
compiling bsp_mpu_cache.c...
compiling app_crc.c...
compiling bsp_rng.c...
compiling bsp_dma.c...
compiling app_filter.c...
compiling bsp_i2c_eeprom_24xx.c...
compiling bsp_i2c.c...
compiling bsp_exit_interrupt.c...
compiling bsp_iwdog.c...
compiling bsp_time.c...
compiling app_dwm1000_led.c...
compiling cb_dw_rx.c...
compiling app_dwm1000.c...
linking...
Program Size: Code=20392 RO-data=1056 RW-data=636 ZI-data=35860  
FromELF: creating hex file...
".\Objects\My_H7_Proecct.axf" - 0 Error(s), 0 Warning(s).

<h2>Software Packages used:</h2>

Package Vendor: Keil
                https://www.keil.com/pack/Keil.STM32H7xx_DFP.2.3.1.pack
                Keil.STM32H7xx_DFP.2.3.1
                STMicroelectronics STM32H7 Series Device Support and Examples

<h2>Collection of Component include folders:</h2>
  .\RTE\_Radar_Ranging
  D:\Users\j_aro\AppData\Local\Arm\Packs\Keil\STM32H7xx_DFP\2.3.1\Drivers\CMSIS\Device\ST\STM32H7xx\Include

<h2>Collection of Component Files used:</h2>
Build Time Elapsed:  00:01:22
</pre>
</body>
</html>
